Archive member included to satisfy reference by file (symbol)

e:/stm32cubeide_1.7.0/stm32cubeide/plugins/com.st.stm32cube.ide.mcu.externaltools.gnu-tools-for-stm32.9-2020-q2-update.win32_2.0.0.202105311346/tools/bin/../lib/gcc/arm-none-eabi/9.3.1/../../../../arm-none-eabi/lib/thumb/v7e-m/nofp\libc_nano.a(lib_a-errno.o)
                              ./Src/syscalls.o (__errno)
e:/stm32cubeide_1.7.0/stm32cubeide/plugins/com.st.stm32cube.ide.mcu.externaltools.gnu-tools-for-stm32.9-2020-q2-update.win32_2.0.0.202105311346/tools/bin/../lib/gcc/arm-none-eabi/9.3.1/../../../../arm-none-eabi/lib/thumb/v7e-m/nofp\libc_nano.a(lib_a-exit.o)
                              e:/stm32cubeide_1.7.0/stm32cubeide/plugins/com.st.stm32cube.ide.mcu.externaltools.gnu-tools-for-stm32.9-2020-q2-update.win32_2.0.0.202105311346/tools/bin/../lib/gcc/arm-none-eabi/9.3.1/../../../../arm-none-eabi/lib/thumb/v7e-m/nofp/crt0.o (exit)
e:/stm32cubeide_1.7.0/stm32cubeide/plugins/com.st.stm32cube.ide.mcu.externaltools.gnu-tools-for-stm32.9-2020-q2-update.win32_2.0.0.202105311346/tools/bin/../lib/gcc/arm-none-eabi/9.3.1/../../../../arm-none-eabi/lib/thumb/v7e-m/nofp\libc_nano.a(lib_a-impure.o)
                              e:/stm32cubeide_1.7.0/stm32cubeide/plugins/com.st.stm32cube.ide.mcu.externaltools.gnu-tools-for-stm32.9-2020-q2-update.win32_2.0.0.202105311346/tools/bin/../lib/gcc/arm-none-eabi/9.3.1/../../../../arm-none-eabi/lib/thumb/v7e-m/nofp\libc_nano.a(lib_a-exit.o) (_global_impure_ptr)
e:/stm32cubeide_1.7.0/stm32cubeide/plugins/com.st.stm32cube.ide.mcu.externaltools.gnu-tools-for-stm32.9-2020-q2-update.win32_2.0.0.202105311346/tools/bin/../lib/gcc/arm-none-eabi/9.3.1/../../../../arm-none-eabi/lib/thumb/v7e-m/nofp\libc_nano.a(lib_a-init.o)
                              e:/stm32cubeide_1.7.0/stm32cubeide/plugins/com.st.stm32cube.ide.mcu.externaltools.gnu-tools-for-stm32.9-2020-q2-update.win32_2.0.0.202105311346/tools/bin/../lib/gcc/arm-none-eabi/9.3.1/../../../../arm-none-eabi/lib/thumb/v7e-m/nofp/crt0.o (__libc_init_array)
e:/stm32cubeide_1.7.0/stm32cubeide/plugins/com.st.stm32cube.ide.mcu.externaltools.gnu-tools-for-stm32.9-2020-q2-update.win32_2.0.0.202105311346/tools/bin/../lib/gcc/arm-none-eabi/9.3.1/../../../../arm-none-eabi/lib/thumb/v7e-m/nofp\libc_nano.a(lib_a-memset.o)
                              e:/stm32cubeide_1.7.0/stm32cubeide/plugins/com.st.stm32cube.ide.mcu.externaltools.gnu-tools-for-stm32.9-2020-q2-update.win32_2.0.0.202105311346/tools/bin/../lib/gcc/arm-none-eabi/9.3.1/../../../../arm-none-eabi/lib/thumb/v7e-m/nofp/crt0.o (memset)
e:/stm32cubeide_1.7.0/stm32cubeide/plugins/com.st.stm32cube.ide.mcu.externaltools.gnu-tools-for-stm32.9-2020-q2-update.win32_2.0.0.202105311346/tools/bin/../lib/gcc/arm-none-eabi/9.3.1/thumb/v7e-m/nofp\libgcc.a(_arm_muldf3.o)
                              ./drivers/Src/stm32f407xx_timer.o (__aeabi_dmul)
e:/stm32cubeide_1.7.0/stm32cubeide/plugins/com.st.stm32cube.ide.mcu.externaltools.gnu-tools-for-stm32.9-2020-q2-update.win32_2.0.0.202105311346/tools/bin/../lib/gcc/arm-none-eabi/9.3.1/thumb/v7e-m/nofp\libgcc.a(_arm_addsubdf3.o)
                              ./drivers/Src/stm32f407xx_timer.o (__aeabi_dadd)
e:/stm32cubeide_1.7.0/stm32cubeide/plugins/com.st.stm32cube.ide.mcu.externaltools.gnu-tools-for-stm32.9-2020-q2-update.win32_2.0.0.202105311346/tools/bin/../lib/gcc/arm-none-eabi/9.3.1/thumb/v7e-m/nofp\libgcc.a(_arm_fixunsdfsi.o)
                              ./drivers/Src/stm32f407xx_timer.o (__aeabi_d2uiz)

Allocating common symbols
Common symbol       size              file

UD_Inc_Flg          0x1               ./Src/DualTumbstick.o
Hand_Inc_Flg        0x1               ./Src/DualTumbstick.o
Wrist_Inc_Flg       0x1               ./Src/DualTumbstick.o
Hand_Dec_Flg        0x1               ./Src/DualTumbstick.o
LR_Dec_Flg          0x1               ./Src/DualTumbstick.o
Wrist_Dec_Flg       0x1               ./Src/DualTumbstick.o
LR_Inc_Flg          0x1               ./Src/DualTumbstick.o
UD_Dec_Flg          0x1               ./Src/DualTumbstick.o

Discarded input sections

 .text          0x0000000000000000        0x0 e:/stm32cubeide_1.7.0/stm32cubeide/plugins/com.st.stm32cube.ide.mcu.externaltools.gnu-tools-for-stm32.9-2020-q2-update.win32_2.0.0.202105311346/tools/bin/../lib/gcc/arm-none-eabi/9.3.1/thumb/v7e-m/nofp/crti.o
 .data          0x0000000000000000        0x0 e:/stm32cubeide_1.7.0/stm32cubeide/plugins/com.st.stm32cube.ide.mcu.externaltools.gnu-tools-for-stm32.9-2020-q2-update.win32_2.0.0.202105311346/tools/bin/../lib/gcc/arm-none-eabi/9.3.1/thumb/v7e-m/nofp/crti.o
 .bss           0x0000000000000000        0x0 e:/stm32cubeide_1.7.0/stm32cubeide/plugins/com.st.stm32cube.ide.mcu.externaltools.gnu-tools-for-stm32.9-2020-q2-update.win32_2.0.0.202105311346/tools/bin/../lib/gcc/arm-none-eabi/9.3.1/thumb/v7e-m/nofp/crti.o
 .data          0x0000000000000000        0x4 e:/stm32cubeide_1.7.0/stm32cubeide/plugins/com.st.stm32cube.ide.mcu.externaltools.gnu-tools-for-stm32.9-2020-q2-update.win32_2.0.0.202105311346/tools/bin/../lib/gcc/arm-none-eabi/9.3.1/thumb/v7e-m/nofp/crtbegin.o
 .text          0x0000000000000000       0x7c e:/stm32cubeide_1.7.0/stm32cubeide/plugins/com.st.stm32cube.ide.mcu.externaltools.gnu-tools-for-stm32.9-2020-q2-update.win32_2.0.0.202105311346/tools/bin/../lib/gcc/arm-none-eabi/9.3.1/../../../../arm-none-eabi/lib/thumb/v7e-m/nofp/crt0.o
 .data          0x0000000000000000        0x0 e:/stm32cubeide_1.7.0/stm32cubeide/plugins/com.st.stm32cube.ide.mcu.externaltools.gnu-tools-for-stm32.9-2020-q2-update.win32_2.0.0.202105311346/tools/bin/../lib/gcc/arm-none-eabi/9.3.1/../../../../arm-none-eabi/lib/thumb/v7e-m/nofp/crt0.o
 .bss           0x0000000000000000        0x0 e:/stm32cubeide_1.7.0/stm32cubeide/plugins/com.st.stm32cube.ide.mcu.externaltools.gnu-tools-for-stm32.9-2020-q2-update.win32_2.0.0.202105311346/tools/bin/../lib/gcc/arm-none-eabi/9.3.1/../../../../arm-none-eabi/lib/thumb/v7e-m/nofp/crt0.o
 .ARM.extab     0x0000000000000000        0x0 e:/stm32cubeide_1.7.0/stm32cubeide/plugins/com.st.stm32cube.ide.mcu.externaltools.gnu-tools-for-stm32.9-2020-q2-update.win32_2.0.0.202105311346/tools/bin/../lib/gcc/arm-none-eabi/9.3.1/../../../../arm-none-eabi/lib/thumb/v7e-m/nofp/crt0.o
 .ARM.exidx     0x0000000000000000       0x10 e:/stm32cubeide_1.7.0/stm32cubeide/plugins/com.st.stm32cube.ide.mcu.externaltools.gnu-tools-for-stm32.9-2020-q2-update.win32_2.0.0.202105311346/tools/bin/../lib/gcc/arm-none-eabi/9.3.1/../../../../arm-none-eabi/lib/thumb/v7e-m/nofp/crt0.o
 .ARM.attributes
                0x0000000000000000       0x1c e:/stm32cubeide_1.7.0/stm32cubeide/plugins/com.st.stm32cube.ide.mcu.externaltools.gnu-tools-for-stm32.9-2020-q2-update.win32_2.0.0.202105311346/tools/bin/../lib/gcc/arm-none-eabi/9.3.1/../../../../arm-none-eabi/lib/thumb/v7e-m/nofp/crt0.o
 .group         0x0000000000000000        0xc ./Src/DualTumbstick.o
 .group         0x0000000000000000        0xc ./Src/DualTumbstick.o
 .group         0x0000000000000000        0xc ./Src/DualTumbstick.o
 .group         0x0000000000000000        0xc ./Src/DualTumbstick.o
 .group         0x0000000000000000        0xc ./Src/DualTumbstick.o
 .group         0x0000000000000000        0xc ./Src/DualTumbstick.o
 .group         0x0000000000000000        0xc ./Src/DualTumbstick.o
 .group         0x0000000000000000        0xc ./Src/DualTumbstick.o
 .group         0x0000000000000000        0xc ./Src/DualTumbstick.o
 .group         0x0000000000000000        0xc ./Src/DualTumbstick.o
 .group         0x0000000000000000        0xc ./Src/DualTumbstick.o
 .group         0x0000000000000000        0xc ./Src/DualTumbstick.o
 .group         0x0000000000000000        0xc ./Src/DualTumbstick.o
 .group         0x0000000000000000        0xc ./Src/DualTumbstick.o
 .group         0x0000000000000000        0xc ./Src/DualTumbstick.o
 .group         0x0000000000000000        0xc ./Src/DualTumbstick.o
 .group         0x0000000000000000        0xc ./Src/DualTumbstick.o
 .group         0x0000000000000000        0xc ./Src/DualTumbstick.o
 .group         0x0000000000000000        0xc ./Src/DualTumbstick.o
 .group         0x0000000000000000        0xc ./Src/DualTumbstick.o
 .group         0x0000000000000000        0xc ./Src/DualTumbstick.o
 .group         0x0000000000000000        0xc ./Src/DualTumbstick.o
 .group         0x0000000000000000        0xc ./Src/DualTumbstick.o
 .group         0x0000000000000000        0xc ./Src/DualTumbstick.o
 .group         0x0000000000000000        0xc ./Src/DualTumbstick.o
 .group         0x0000000000000000        0xc ./Src/DualTumbstick.o
 .group         0x0000000000000000        0xc ./Src/DualTumbstick.o
 .group         0x0000000000000000        0xc ./Src/DualTumbstick.o
 .group         0x0000000000000000        0xc ./Src/DualTumbstick.o
 .group         0x0000000000000000        0xc ./Src/DualTumbstick.o
 .group         0x0000000000000000        0xc ./Src/DualTumbstick.o
 .group         0x0000000000000000        0xc ./Src/DualTumbstick.o
 .group         0x0000000000000000        0xc ./Src/DualTumbstick.o
 .group         0x0000000000000000        0xc ./Src/DualTumbstick.o
 .group         0x0000000000000000        0xc ./Src/DualTumbstick.o
 .group         0x0000000000000000        0xc ./Src/DualTumbstick.o
 .group         0x0000000000000000        0xc ./Src/DualTumbstick.o
 .group         0x0000000000000000        0xc ./Src/DualTumbstick.o
 .group         0x0000000000000000        0xc ./Src/DualTumbstick.o
 .group         0x0000000000000000        0xc ./Src/DualTumbstick.o
 .group         0x0000000000000000        0xc ./Src/DualTumbstick.o
 .text          0x0000000000000000        0x0 ./Src/DualTumbstick.o
 .data          0x0000000000000000        0x0 ./Src/DualTumbstick.o
 .bss           0x0000000000000000        0x0 ./Src/DualTumbstick.o
 .text.GPIO_DeInit
                0x0000000000000000      0x16c ./Src/DualTumbstick.o
 .text.GPIO_ReadFromInputPin
                0x0000000000000000       0x2a ./Src/DualTumbstick.o
 .text.GPIO_ReadFromInputPort
                0x0000000000000000       0x1a ./Src/DualTumbstick.o
 .text.GPIO_WriteToOutputPin
                0x0000000000000000       0x48 ./Src/DualTumbstick.o
 .text.GPIO_WriteToOutputPort
                0x0000000000000000       0x1c ./Src/DualTumbstick.o
 .text.GPIO_ToggleOutputPin
                0x0000000000000000       0x28 ./Src/DualTumbstick.o
 .text.GPIO_IRQITConfig
                0x0000000000000000      0x108 ./Src/DualTumbstick.o
 .text.GPIO_IRQPriorityConfig
                0x0000000000000000       0x52 ./Src/DualTumbstick.o
 .text.GPIO_IRQHandling
                0x0000000000000000       0x40 ./Src/DualTumbstick.o
 .text.delay    0x0000000000000000       0x2c ./Src/DualTumbstick.o
 .bss.checker   0x0000000000000000        0x4 ./Src/DualTumbstick.o
 .group         0x0000000000000000        0xc ./Src/syscalls.o
 .group         0x0000000000000000        0xc ./Src/syscalls.o
 .group         0x0000000000000000        0xc ./Src/syscalls.o
 .group         0x0000000000000000        0xc ./Src/syscalls.o
 .group         0x0000000000000000        0xc ./Src/syscalls.o
 .group         0x0000000000000000        0xc ./Src/syscalls.o
 .group         0x0000000000000000        0xc ./Src/syscalls.o
 .group         0x0000000000000000        0xc ./Src/syscalls.o
 .group         0x0000000000000000        0xc ./Src/syscalls.o
 .group         0x0000000000000000        0xc ./Src/syscalls.o
 .group         0x0000000000000000        0xc ./Src/syscalls.o
 .group         0x0000000000000000        0xc ./Src/syscalls.o
 .group         0x0000000000000000        0xc ./Src/syscalls.o
 .group         0x0000000000000000        0xc ./Src/syscalls.o
 .group         0x0000000000000000        0xc ./Src/syscalls.o
 .group         0x0000000000000000        0xc ./Src/syscalls.o
 .group         0x0000000000000000        0xc ./Src/syscalls.o
 .group         0x0000000000000000        0xc ./Src/syscalls.o
 .group         0x0000000000000000        0xc ./Src/syscalls.o
 .group         0x0000000000000000        0xc ./Src/syscalls.o
 .group         0x0000000000000000        0xc ./Src/syscalls.o
 .group         0x0000000000000000        0xc ./Src/syscalls.o
 .group         0x0000000000000000        0xc ./Src/syscalls.o
 .group         0x0000000000000000        0xc ./Src/syscalls.o
 .group         0x0000000000000000        0xc ./Src/syscalls.o
 .group         0x0000000000000000        0xc ./Src/syscalls.o
 .group         0x0000000000000000        0xc ./Src/syscalls.o
 .group         0x0000000000000000        0xc ./Src/syscalls.o
 .group         0x0000000000000000        0xc ./Src/syscalls.o
 .group         0x0000000000000000        0xc ./Src/syscalls.o
 .group         0x0000000000000000        0xc ./Src/syscalls.o
 .group         0x0000000000000000        0xc ./Src/syscalls.o
 .group         0x0000000000000000        0xc ./Src/syscalls.o
 .group         0x0000000000000000        0xc ./Src/syscalls.o
 .group         0x0000000000000000        0xc ./Src/syscalls.o
 .group         0x0000000000000000        0xc ./Src/syscalls.o
 .group         0x0000000000000000        0xc ./Src/syscalls.o
 .group         0x0000000000000000        0xc ./Src/syscalls.o
 .group         0x0000000000000000        0xc ./Src/syscalls.o
 .group         0x0000000000000000        0xc ./Src/syscalls.o
 .group         0x0000000000000000        0xc ./Src/syscalls.o
 .group         0x0000000000000000        0xc ./Src/syscalls.o
 .group         0x0000000000000000        0xc ./Src/syscalls.o
 .group         0x0000000000000000        0xc ./Src/syscalls.o
 .group         0x0000000000000000        0xc ./Src/syscalls.o
 .group         0x0000000000000000        0xc ./Src/syscalls.o
 .group         0x0000000000000000        0xc ./Src/syscalls.o
 .text          0x0000000000000000        0x0 ./Src/syscalls.o
 .data          0x0000000000000000        0x0 ./Src/syscalls.o
 .bss           0x0000000000000000        0x0 ./Src/syscalls.o
 .bss.__env     0x0000000000000000        0x4 ./Src/syscalls.o
 .data.environ  0x0000000000000000        0x4 ./Src/syscalls.o
 .text.initialise_monitor_handles
                0x0000000000000000        0xc ./Src/syscalls.o
 .text._getpid  0x0000000000000000        0xe ./Src/syscalls.o
 .text._kill    0x0000000000000000       0x20 ./Src/syscalls.o
 .text._exit    0x0000000000000000       0x14 ./Src/syscalls.o
 .text._read    0x0000000000000000       0x3a ./Src/syscalls.o
 .text._write   0x0000000000000000       0x38 ./Src/syscalls.o
 .text._close   0x0000000000000000       0x16 ./Src/syscalls.o
 .text._fstat   0x0000000000000000       0x1e ./Src/syscalls.o
 .text._isatty  0x0000000000000000       0x14 ./Src/syscalls.o
 .text._lseek   0x0000000000000000       0x18 ./Src/syscalls.o
 .text._open    0x0000000000000000       0x1a ./Src/syscalls.o
 .text._wait    0x0000000000000000       0x1e ./Src/syscalls.o
 .text._unlink  0x0000000000000000       0x1e ./Src/syscalls.o
 .text._times   0x0000000000000000       0x16 ./Src/syscalls.o
 .text._stat    0x0000000000000000       0x1e ./Src/syscalls.o
 .text._link    0x0000000000000000       0x20 ./Src/syscalls.o
 .text._fork    0x0000000000000000       0x16 ./Src/syscalls.o
 .text._execve  0x0000000000000000       0x22 ./Src/syscalls.o
 .debug_info    0x0000000000000000      0xfa8 ./Src/syscalls.o
 .debug_abbrev  0x0000000000000000      0x286 ./Src/syscalls.o
 .debug_aranges
                0x0000000000000000       0xa8 ./Src/syscalls.o
 .debug_ranges  0x0000000000000000       0x98 ./Src/syscalls.o
 .debug_macro   0x0000000000000000      0x24c ./Src/syscalls.o
 .debug_macro   0x0000000000000000      0xaa8 ./Src/syscalls.o
 .debug_macro   0x0000000000000000       0x22 ./Src/syscalls.o
 .debug_macro   0x0000000000000000       0x4c ./Src/syscalls.o
 .debug_macro   0x0000000000000000       0x18 ./Src/syscalls.o
 .debug_macro   0x0000000000000000       0x94 ./Src/syscalls.o
 .debug_macro   0x0000000000000000       0x3c ./Src/syscalls.o
 .debug_macro   0x0000000000000000       0x34 ./Src/syscalls.o
 .debug_macro   0x0000000000000000       0x57 ./Src/syscalls.o
 .debug_macro   0x0000000000000000      0x174 ./Src/syscalls.o
 .debug_macro   0x0000000000000000      0x339 ./Src/syscalls.o
 .debug_macro   0x0000000000000000       0x16 ./Src/syscalls.o
 .debug_macro   0x0000000000000000       0x43 ./Src/syscalls.o
 .debug_macro   0x0000000000000000       0x34 ./Src/syscalls.o
 .debug_macro   0x0000000000000000       0x10 ./Src/syscalls.o
 .debug_macro   0x0000000000000000       0x58 ./Src/syscalls.o
 .debug_macro   0x0000000000000000       0x71 ./Src/syscalls.o
 .debug_macro   0x0000000000000000       0x1c ./Src/syscalls.o
 .debug_macro   0x0000000000000000      0x12a ./Src/syscalls.o
 .debug_macro   0x0000000000000000       0x10 ./Src/syscalls.o
 .debug_macro   0x0000000000000000       0x35 ./Src/syscalls.o
 .debug_macro   0x0000000000000000       0x10 ./Src/syscalls.o
 .debug_macro   0x0000000000000000       0x10 ./Src/syscalls.o
 .debug_macro   0x0000000000000000       0x10 ./Src/syscalls.o
 .debug_macro   0x0000000000000000       0x6a ./Src/syscalls.o
 .debug_macro   0x0000000000000000       0x1c ./Src/syscalls.o
 .debug_macro   0x0000000000000000       0x52 ./Src/syscalls.o
 .debug_macro   0x0000000000000000       0x22 ./Src/syscalls.o
 .debug_macro   0x0000000000000000       0x10 ./Src/syscalls.o
 .debug_macro   0x0000000000000000       0x40 ./Src/syscalls.o
 .debug_macro   0x0000000000000000       0xd5 ./Src/syscalls.o
 .debug_macro   0x0000000000000000       0x1c ./Src/syscalls.o
 .debug_macro   0x0000000000000000       0x3d ./Src/syscalls.o
 .debug_macro   0x0000000000000000       0x35 ./Src/syscalls.o
 .debug_macro   0x0000000000000000      0x12c ./Src/syscalls.o
 .debug_macro   0x0000000000000000       0x16 ./Src/syscalls.o
 .debug_macro   0x0000000000000000       0x16 ./Src/syscalls.o
 .debug_macro   0x0000000000000000       0x29 ./Src/syscalls.o
 .debug_macro   0x0000000000000000       0x10 ./Src/syscalls.o
 .debug_macro   0x0000000000000000      0x241 ./Src/syscalls.o
 .debug_macro   0x0000000000000000       0x1c ./Src/syscalls.o
 .debug_macro   0x0000000000000000       0x10 ./Src/syscalls.o
 .debug_macro   0x0000000000000000       0x10 ./Src/syscalls.o
 .debug_macro   0x0000000000000000       0x16 ./Src/syscalls.o
 .debug_macro   0x0000000000000000      0x145 ./Src/syscalls.o
 .debug_macro   0x0000000000000000      0x189 ./Src/syscalls.o
 .debug_macro   0x0000000000000000       0x16 ./Src/syscalls.o
 .debug_macro   0x0000000000000000       0xce ./Src/syscalls.o
 .debug_line    0x0000000000000000      0x7ee ./Src/syscalls.o
 .debug_str     0x0000000000000000     0x8ebf ./Src/syscalls.o
 .comment       0x0000000000000000       0x54 ./Src/syscalls.o
 .debug_frame   0x0000000000000000      0x2ac ./Src/syscalls.o
 .ARM.attributes
                0x0000000000000000       0x2e ./Src/syscalls.o
 .group         0x0000000000000000        0xc ./Src/sysmem.o
 .group         0x0000000000000000        0xc ./Src/sysmem.o
 .group         0x0000000000000000        0xc ./Src/sysmem.o
 .group         0x0000000000000000        0xc ./Src/sysmem.o
 .group         0x0000000000000000        0xc ./Src/sysmem.o
 .group         0x0000000000000000        0xc ./Src/sysmem.o
 .group         0x0000000000000000        0xc ./Src/sysmem.o
 .group         0x0000000000000000        0xc ./Src/sysmem.o
 .group         0x0000000000000000        0xc ./Src/sysmem.o
 .group         0x0000000000000000        0xc ./Src/sysmem.o
 .group         0x0000000000000000        0xc ./Src/sysmem.o
 .group         0x0000000000000000        0xc ./Src/sysmem.o
 .group         0x0000000000000000        0xc ./Src/sysmem.o
 .group         0x0000000000000000        0xc ./Src/sysmem.o
 .group         0x0000000000000000        0xc ./Src/sysmem.o
 .group         0x0000000000000000        0xc ./Src/sysmem.o
 .group         0x0000000000000000        0xc ./Src/sysmem.o
 .group         0x0000000000000000        0xc ./Src/sysmem.o
 .group         0x0000000000000000        0xc ./Src/sysmem.o
 .group         0x0000000000000000        0xc ./Src/sysmem.o
 .group         0x0000000000000000        0xc ./Src/sysmem.o
 .group         0x0000000000000000        0xc ./Src/sysmem.o
 .text          0x0000000000000000        0x0 ./Src/sysmem.o
 .data          0x0000000000000000        0x0 ./Src/sysmem.o
 .bss           0x0000000000000000        0x0 ./Src/sysmem.o
 .bss.__sbrk_heap_end
                0x0000000000000000        0x4 ./Src/sysmem.o
 .text._sbrk    0x0000000000000000       0x6c ./Src/sysmem.o
 .debug_info    0x0000000000000000      0xa25 ./Src/sysmem.o
 .debug_abbrev  0x0000000000000000      0x1bf ./Src/sysmem.o
 .debug_aranges
                0x0000000000000000       0x20 ./Src/sysmem.o
 .debug_ranges  0x0000000000000000       0x10 ./Src/sysmem.o
 .debug_macro   0x0000000000000000       0xff ./Src/sysmem.o
 .debug_macro   0x0000000000000000      0xaa8 ./Src/sysmem.o
 .debug_macro   0x0000000000000000       0x10 ./Src/sysmem.o
 .debug_macro   0x0000000000000000       0x22 ./Src/sysmem.o
 .debug_macro   0x0000000000000000       0x4c ./Src/sysmem.o
 .debug_macro   0x0000000000000000       0x18 ./Src/sysmem.o
 .debug_macro   0x0000000000000000       0x94 ./Src/sysmem.o
 .debug_macro   0x0000000000000000       0x3c ./Src/sysmem.o
 .debug_macro   0x0000000000000000       0x34 ./Src/sysmem.o
 .debug_macro   0x0000000000000000      0x174 ./Src/sysmem.o
 .debug_macro   0x0000000000000000       0x16 ./Src/sysmem.o
 .debug_macro   0x0000000000000000       0x43 ./Src/sysmem.o
 .debug_macro   0x0000000000000000       0x57 ./Src/sysmem.o
 .debug_macro   0x0000000000000000       0x34 ./Src/sysmem.o
 .debug_macro   0x0000000000000000       0x10 ./Src/sysmem.o
 .debug_macro   0x0000000000000000       0x58 ./Src/sysmem.o
 .debug_macro   0x0000000000000000       0x71 ./Src/sysmem.o
 .debug_macro   0x0000000000000000       0x1c ./Src/sysmem.o
 .debug_macro   0x0000000000000000      0x12a ./Src/sysmem.o
 .debug_macro   0x0000000000000000      0x23b ./Src/sysmem.o
 .debug_macro   0x0000000000000000      0x103 ./Src/sysmem.o
 .debug_macro   0x0000000000000000       0x6a ./Src/sysmem.o
 .debug_macro   0x0000000000000000      0x1df ./Src/sysmem.o
 .debug_line    0x0000000000000000      0x4e4 ./Src/sysmem.o
 .debug_str     0x0000000000000000     0x6292 ./Src/sysmem.o
 .comment       0x0000000000000000       0x54 ./Src/sysmem.o
 .debug_frame   0x0000000000000000       0x34 ./Src/sysmem.o
 .ARM.attributes
                0x0000000000000000       0x2e ./Src/sysmem.o
 .text          0x0000000000000000       0x14 ./Startup/startup_stm32f407vgtx.o
 .data          0x0000000000000000        0x0 ./Startup/startup_stm32f407vgtx.o
 .bss           0x0000000000000000        0x0 ./Startup/startup_stm32f407vgtx.o
 .group         0x0000000000000000        0xc ./drivers/Src/stm32f407xx_ADC_driver.o
 .group         0x0000000000000000        0xc ./drivers/Src/stm32f407xx_ADC_driver.o
 .group         0x0000000000000000        0xc ./drivers/Src/stm32f407xx_ADC_driver.o
 .group         0x0000000000000000        0xc ./drivers/Src/stm32f407xx_ADC_driver.o
 .group         0x0000000000000000        0xc ./drivers/Src/stm32f407xx_ADC_driver.o
 .group         0x0000000000000000        0xc ./drivers/Src/stm32f407xx_ADC_driver.o
 .group         0x0000000000000000        0xc ./drivers/Src/stm32f407xx_ADC_driver.o
 .group         0x0000000000000000        0xc ./drivers/Src/stm32f407xx_ADC_driver.o
 .group         0x0000000000000000        0xc ./drivers/Src/stm32f407xx_ADC_driver.o
 .group         0x0000000000000000        0xc ./drivers/Src/stm32f407xx_ADC_driver.o
 .text          0x0000000000000000        0x0 ./drivers/Src/stm32f407xx_ADC_driver.o
 .data          0x0000000000000000        0x0 ./drivers/Src/stm32f407xx_ADC_driver.o
 .bss           0x0000000000000000        0x0 ./drivers/Src/stm32f407xx_ADC_driver.o
 .text.ADC_Init
                0x0000000000000000       0x78 ./drivers/Src/stm32f407xx_ADC_driver.o
 .debug_macro   0x0000000000000000      0xaa8 ./drivers/Src/stm32f407xx_ADC_driver.o
 .debug_macro   0x0000000000000000       0x22 ./drivers/Src/stm32f407xx_ADC_driver.o
 .debug_macro   0x0000000000000000       0x8e ./drivers/Src/stm32f407xx_ADC_driver.o
 .debug_macro   0x0000000000000000       0x51 ./drivers/Src/stm32f407xx_ADC_driver.o
 .debug_macro   0x0000000000000000      0x103 ./drivers/Src/stm32f407xx_ADC_driver.o
 .debug_macro   0x0000000000000000       0x6a ./drivers/Src/stm32f407xx_ADC_driver.o
 .debug_macro   0x0000000000000000      0x1df ./drivers/Src/stm32f407xx_ADC_driver.o
 .debug_macro   0x0000000000000000      0x174 ./drivers/Src/stm32f407xx_ADC_driver.o
 .debug_macro   0x0000000000000000      0x5ff ./drivers/Src/stm32f407xx_ADC_driver.o
 .group         0x0000000000000000        0xc ./drivers/Src/stm32f407xx_I2C_driver.o
 .group         0x0000000000000000        0xc ./drivers/Src/stm32f407xx_I2C_driver.o
 .group         0x0000000000000000        0xc ./drivers/Src/stm32f407xx_I2C_driver.o
 .group         0x0000000000000000        0xc ./drivers/Src/stm32f407xx_I2C_driver.o
 .group         0x0000000000000000        0xc ./drivers/Src/stm32f407xx_I2C_driver.o
 .group         0x0000000000000000        0xc ./drivers/Src/stm32f407xx_I2C_driver.o
 .group         0x0000000000000000        0xc ./drivers/Src/stm32f407xx_I2C_driver.o
 .group         0x0000000000000000        0xc ./drivers/Src/stm32f407xx_I2C_driver.o
 .group         0x0000000000000000        0xc ./drivers/Src/stm32f407xx_I2C_driver.o
 .group         0x0000000000000000        0xc ./drivers/Src/stm32f407xx_I2C_driver.o
 .text          0x0000000000000000        0x0 ./drivers/Src/stm32f407xx_I2C_driver.o
 .data          0x0000000000000000        0x0 ./drivers/Src/stm32f407xx_I2C_driver.o
 .bss           0x0000000000000000        0x0 ./drivers/Src/stm32f407xx_I2C_driver.o
 .data.AHB_PreScaler
                0x0000000000000000       0x10 ./drivers/Src/stm32f407xx_I2C_driver.o
 .data.APB1_PreScaler
                0x0000000000000000        0x8 ./drivers/Src/stm32f407xx_I2C_driver.o
 .text.I2C_PeriClockControl
                0x0000000000000000       0xb0 ./drivers/Src/stm32f407xx_I2C_driver.o
 .text.RCC_GetPLLOutputClock
                0x0000000000000000        0xe ./drivers/Src/stm32f407xx_I2C_driver.o
 .text.RCC_GetPCLK1Value
                0x0000000000000000       0xb4 ./drivers/Src/stm32f407xx_I2C_driver.o
 .text.I2C_init
                0x0000000000000000      0x160 ./drivers/Src/stm32f407xx_I2C_driver.o
 .text.I2C_GenerateStartCondition
                0x0000000000000000       0x1e ./drivers/Src/stm32f407xx_I2C_driver.o
 .text.I2C_GetFlagStatus
                0x0000000000000000       0x26 ./drivers/Src/stm32f407xx_I2C_driver.o
 .text.I2C_ExecuteAddressPhaseWrite
                0x0000000000000000       0x2a ./drivers/Src/stm32f407xx_I2C_driver.o
 .text.I2C_ClearADDRFlag
                0x0000000000000000       0x6e ./drivers/Src/stm32f407xx_I2C_driver.o
 .text.I2C_GenerateStopCondition
                0x0000000000000000       0x1e ./drivers/Src/stm32f407xx_I2C_driver.o
 .text.I2C_MasterSendData
                0x0000000000000000       0xc0 ./drivers/Src/stm32f407xx_I2C_driver.o
 .text.I2C_ExecuteAddressPhaseRead
                0x0000000000000000       0x2a ./drivers/Src/stm32f407xx_I2C_driver.o
 .text.I2C_ManageAcking
                0x0000000000000000       0x36 ./drivers/Src/stm32f407xx_I2C_driver.o
 .text.I2C_MasterReceiveData
                0x0000000000000000      0x10c ./drivers/Src/stm32f407xx_I2C_driver.o
 .text.I2C_MasterSendDataIT
                0x0000000000000000       0x86 ./drivers/Src/stm32f407xx_I2C_driver.o
 .text.I2C_MasterReceiveDataIT
                0x0000000000000000       0x8c ./drivers/Src/stm32f407xx_I2C_driver.o
 .text.I2C_DeInit
                0x0000000000000000       0x88 ./drivers/Src/stm32f407xx_I2C_driver.o
 .text.I2C_IRQInterruptConfig
                0x0000000000000000      0x108 ./drivers/Src/stm32f407xx_I2C_driver.o
 .text.I2C_IRQPriorityConfig
                0x0000000000000000       0x5a ./drivers/Src/stm32f407xx_I2C_driver.o
 .text.I2C_PeripheralControl
                0x0000000000000000       0x3c ./drivers/Src/stm32f407xx_I2C_driver.o
 .text.I2C_EV_IRQHandling
                0x0000000000000000      0x23a ./drivers/Src/stm32f407xx_I2C_driver.o
 .text.I2C_CloseReceiveData
                0x0000000000000000       0x5c ./drivers/Src/stm32f407xx_I2C_driver.o
 .text.I2C_CloseSendData
                0x0000000000000000       0x44 ./drivers/Src/stm32f407xx_I2C_driver.o
 .text.I2C_ER_IRQHandling
                0x0000000000000000      0x10c ./drivers/Src/stm32f407xx_I2C_driver.o
 .text.I2C_ApplicationEventCallback
                0x0000000000000000       0x16 ./drivers/Src/stm32f407xx_I2C_driver.o
 .debug_info    0x0000000000000000      0xaa1 ./drivers/Src/stm32f407xx_I2C_driver.o
 .debug_abbrev  0x0000000000000000      0x270 ./drivers/Src/stm32f407xx_I2C_driver.o
 .debug_aranges
                0x0000000000000000       0xd8 ./drivers/Src/stm32f407xx_I2C_driver.o
 .debug_ranges  0x0000000000000000       0xc8 ./drivers/Src/stm32f407xx_I2C_driver.o
 .debug_macro   0x0000000000000000       0x8a ./drivers/Src/stm32f407xx_I2C_driver.o
 .debug_macro   0x0000000000000000      0xaa8 ./drivers/Src/stm32f407xx_I2C_driver.o
 .debug_macro   0x0000000000000000       0x22 ./drivers/Src/stm32f407xx_I2C_driver.o
 .debug_macro   0x0000000000000000       0x8e ./drivers/Src/stm32f407xx_I2C_driver.o
 .debug_macro   0x0000000000000000       0x51 ./drivers/Src/stm32f407xx_I2C_driver.o
 .debug_macro   0x0000000000000000      0x103 ./drivers/Src/stm32f407xx_I2C_driver.o
 .debug_macro   0x0000000000000000       0x6a ./drivers/Src/stm32f407xx_I2C_driver.o
 .debug_macro   0x0000000000000000      0x1df ./drivers/Src/stm32f407xx_I2C_driver.o
 .debug_macro   0x0000000000000000      0x174 ./drivers/Src/stm32f407xx_I2C_driver.o
 .debug_macro   0x0000000000000000      0x5ff ./drivers/Src/stm32f407xx_I2C_driver.o
 .debug_macro   0x0000000000000000       0xd0 ./drivers/Src/stm32f407xx_I2C_driver.o
 .debug_line    0x0000000000000000      0xcbc ./drivers/Src/stm32f407xx_I2C_driver.o
 .debug_str     0x0000000000000000     0x6aad ./drivers/Src/stm32f407xx_I2C_driver.o
 .comment       0x0000000000000000       0x54 ./drivers/Src/stm32f407xx_I2C_driver.o
 .debug_frame   0x0000000000000000      0x3a4 ./drivers/Src/stm32f407xx_I2C_driver.o
 .ARM.attributes
                0x0000000000000000       0x2e ./drivers/Src/stm32f407xx_I2C_driver.o
 .group         0x0000000000000000        0xc ./drivers/Src/stm32f407xx_gpio_driver.o
 .text          0x0000000000000000        0x0 ./drivers/Src/stm32f407xx_gpio_driver.o
 .data          0x0000000000000000        0x0 ./drivers/Src/stm32f407xx_gpio_driver.o
 .bss           0x0000000000000000        0x0 ./drivers/Src/stm32f407xx_gpio_driver.o
 .debug_info    0x0000000000000000       0x21 ./drivers/Src/stm32f407xx_gpio_driver.o
 .debug_abbrev  0x0000000000000000       0x13 ./drivers/Src/stm32f407xx_gpio_driver.o
 .debug_aranges
                0x0000000000000000       0x18 ./drivers/Src/stm32f407xx_gpio_driver.o
 .debug_macro   0x0000000000000000       0x11 ./drivers/Src/stm32f407xx_gpio_driver.o
 .debug_macro   0x0000000000000000      0xaa8 ./drivers/Src/stm32f407xx_gpio_driver.o
 .debug_line    0x0000000000000000       0x49 ./drivers/Src/stm32f407xx_gpio_driver.o
 .debug_str     0x0000000000000000     0x2dc1 ./drivers/Src/stm32f407xx_gpio_driver.o
 .comment       0x0000000000000000       0x54 ./drivers/Src/stm32f407xx_gpio_driver.o
 .ARM.attributes
                0x0000000000000000       0x33 ./drivers/Src/stm32f407xx_gpio_driver.o
 .group         0x0000000000000000        0xc ./drivers/Src/stm32f407xx_spi_driver.o
 .group         0x0000000000000000        0xc ./drivers/Src/stm32f407xx_spi_driver.o
 .group         0x0000000000000000        0xc ./drivers/Src/stm32f407xx_spi_driver.o
 .group         0x0000000000000000        0xc ./drivers/Src/stm32f407xx_spi_driver.o
 .group         0x0000000000000000        0xc ./drivers/Src/stm32f407xx_spi_driver.o
 .group         0x0000000000000000        0xc ./drivers/Src/stm32f407xx_spi_driver.o
 .group         0x0000000000000000        0xc ./drivers/Src/stm32f407xx_spi_driver.o
 .group         0x0000000000000000        0xc ./drivers/Src/stm32f407xx_spi_driver.o
 .group         0x0000000000000000        0xc ./drivers/Src/stm32f407xx_spi_driver.o
 .group         0x0000000000000000        0xc ./drivers/Src/stm32f407xx_spi_driver.o
 .text          0x0000000000000000        0x0 ./drivers/Src/stm32f407xx_spi_driver.o
 .data          0x0000000000000000        0x0 ./drivers/Src/stm32f407xx_spi_driver.o
 .bss           0x0000000000000000        0x0 ./drivers/Src/stm32f407xx_spi_driver.o
 .text.SPI_PLCK_Control
                0x0000000000000000       0xb0 ./drivers/Src/stm32f407xx_spi_driver.o
 .text.SPI_Init
                0x0000000000000000       0xfa ./drivers/Src/stm32f407xx_spi_driver.o
 .text.SPI_DeInit
                0x0000000000000000       0x88 ./drivers/Src/stm32f407xx_spi_driver.o
 .text.SPI_GetFlagStatus
                0x0000000000000000       0x26 ./drivers/Src/stm32f407xx_spi_driver.o
 .text.SPI_SendData
                0x0000000000000000       0x6e ./drivers/Src/stm32f407xx_spi_driver.o
 .text.SPI_ReceiveData
                0x0000000000000000       0x6e ./drivers/Src/stm32f407xx_spi_driver.o
 .text.SPI_PeripheralControlTest
                0x0000000000000000       0x44 ./drivers/Src/stm32f407xx_spi_driver.o
 .text.SPI_PeripheralControl
                0x0000000000000000       0x3c ./drivers/Src/stm32f407xx_spi_driver.o
 .text.SPI_SSIConfig
                0x0000000000000000       0x3c ./drivers/Src/stm32f407xx_spi_driver.o
 .text.SPI_SSOEConfig
                0x0000000000000000       0x3c ./drivers/Src/stm32f407xx_spi_driver.o
 .text.Busy_Check
                0x0000000000000000       0x24 ./drivers/Src/stm32f407xx_spi_driver.o
 .text.Clear_and_Push
                0x0000000000000000       0x32 ./drivers/Src/stm32f407xx_spi_driver.o
 .debug_info    0x0000000000000000      0x65e ./drivers/Src/stm32f407xx_spi_driver.o
 .debug_abbrev  0x0000000000000000      0x120 ./drivers/Src/stm32f407xx_spi_driver.o
 .debug_aranges
                0x0000000000000000       0x78 ./drivers/Src/stm32f407xx_spi_driver.o
 .debug_ranges  0x0000000000000000       0x68 ./drivers/Src/stm32f407xx_spi_driver.o
 .debug_macro   0x0000000000000000       0x8a ./drivers/Src/stm32f407xx_spi_driver.o
 .debug_macro   0x0000000000000000      0xaa8 ./drivers/Src/stm32f407xx_spi_driver.o
 .debug_macro   0x0000000000000000       0x22 ./drivers/Src/stm32f407xx_spi_driver.o
 .debug_macro   0x0000000000000000       0x8e ./drivers/Src/stm32f407xx_spi_driver.o
 .debug_macro   0x0000000000000000       0x51 ./drivers/Src/stm32f407xx_spi_driver.o
 .debug_macro   0x0000000000000000      0x103 ./drivers/Src/stm32f407xx_spi_driver.o
 .debug_macro   0x0000000000000000       0x6a ./drivers/Src/stm32f407xx_spi_driver.o
 .debug_macro   0x0000000000000000      0x1df ./drivers/Src/stm32f407xx_spi_driver.o
 .debug_macro   0x0000000000000000      0x174 ./drivers/Src/stm32f407xx_spi_driver.o
 .debug_macro   0x0000000000000000      0x5ff ./drivers/Src/stm32f407xx_spi_driver.o
 .debug_macro   0x0000000000000000       0x88 ./drivers/Src/stm32f407xx_spi_driver.o
 .debug_line    0x0000000000000000      0x707 ./drivers/Src/stm32f407xx_spi_driver.o
 .debug_str     0x0000000000000000     0x67ad ./drivers/Src/stm32f407xx_spi_driver.o
 .comment       0x0000000000000000       0x54 ./drivers/Src/stm32f407xx_spi_driver.o
 .debug_frame   0x0000000000000000      0x1e0 ./drivers/Src/stm32f407xx_spi_driver.o
 .ARM.attributes
                0x0000000000000000       0x2e ./drivers/Src/stm32f407xx_spi_driver.o
 .group         0x0000000000000000        0xc ./drivers/Src/stm32f407xx_timer.o
 .group         0x0000000000000000        0xc ./drivers/Src/stm32f407xx_timer.o
 .group         0x0000000000000000        0xc ./drivers/Src/stm32f407xx_timer.o
 .group         0x0000000000000000        0xc ./drivers/Src/stm32f407xx_timer.o
 .group         0x0000000000000000        0xc ./drivers/Src/stm32f407xx_timer.o
 .group         0x0000000000000000        0xc ./drivers/Src/stm32f407xx_timer.o
 .group         0x0000000000000000        0xc ./drivers/Src/stm32f407xx_timer.o
 .group         0x0000000000000000        0xc ./drivers/Src/stm32f407xx_timer.o
 .group         0x0000000000000000        0xc ./drivers/Src/stm32f407xx_timer.o
 .group         0x0000000000000000        0xc ./drivers/Src/stm32f407xx_timer.o
 .text          0x0000000000000000        0x0 ./drivers/Src/stm32f407xx_timer.o
 .data          0x0000000000000000        0x0 ./drivers/Src/stm32f407xx_timer.o
 .bss           0x0000000000000000        0x0 ./drivers/Src/stm32f407xx_timer.o
 .text.TIM10_11_13_14_CLKEnable
                0x0000000000000000       0xec ./drivers/Src/stm32f407xx_timer.o
 .debug_macro   0x0000000000000000      0xaa8 ./drivers/Src/stm32f407xx_timer.o
 .debug_macro   0x0000000000000000       0x22 ./drivers/Src/stm32f407xx_timer.o
 .debug_macro   0x0000000000000000       0x8e ./drivers/Src/stm32f407xx_timer.o
 .debug_macro   0x0000000000000000       0x51 ./drivers/Src/stm32f407xx_timer.o
 .debug_macro   0x0000000000000000      0x103 ./drivers/Src/stm32f407xx_timer.o
 .debug_macro   0x0000000000000000       0x6a ./drivers/Src/stm32f407xx_timer.o
 .debug_macro   0x0000000000000000      0x1df ./drivers/Src/stm32f407xx_timer.o
 .debug_macro   0x0000000000000000      0x174 ./drivers/Src/stm32f407xx_timer.o
 .debug_macro   0x0000000000000000      0x5ff ./drivers/Src/stm32f407xx_timer.o
 .text          0x0000000000000000        0x0 e:/stm32cubeide_1.7.0/stm32cubeide/plugins/com.st.stm32cube.ide.mcu.externaltools.gnu-tools-for-stm32.9-2020-q2-update.win32_2.0.0.202105311346/tools/bin/../lib/gcc/arm-none-eabi/9.3.1/../../../../arm-none-eabi/lib/thumb/v7e-m/nofp\libc_nano.a(lib_a-errno.o)
 .data          0x0000000000000000        0x0 e:/stm32cubeide_1.7.0/stm32cubeide/plugins/com.st.stm32cube.ide.mcu.externaltools.gnu-tools-for-stm32.9-2020-q2-update.win32_2.0.0.202105311346/tools/bin/../lib/gcc/arm-none-eabi/9.3.1/../../../../arm-none-eabi/lib/thumb/v7e-m/nofp\libc_nano.a(lib_a-errno.o)
 .bss           0x0000000000000000        0x0 e:/stm32cubeide_1.7.0/stm32cubeide/plugins/com.st.stm32cube.ide.mcu.externaltools.gnu-tools-for-stm32.9-2020-q2-update.win32_2.0.0.202105311346/tools/bin/../lib/gcc/arm-none-eabi/9.3.1/../../../../arm-none-eabi/lib/thumb/v7e-m/nofp\libc_nano.a(lib_a-errno.o)
 .text.__errno  0x0000000000000000        0xc e:/stm32cubeide_1.7.0/stm32cubeide/plugins/com.st.stm32cube.ide.mcu.externaltools.gnu-tools-for-stm32.9-2020-q2-update.win32_2.0.0.202105311346/tools/bin/../lib/gcc/arm-none-eabi/9.3.1/../../../../arm-none-eabi/lib/thumb/v7e-m/nofp\libc_nano.a(lib_a-errno.o)
 .debug_frame   0x0000000000000000       0x20 e:/stm32cubeide_1.7.0/stm32cubeide/plugins/com.st.stm32cube.ide.mcu.externaltools.gnu-tools-for-stm32.9-2020-q2-update.win32_2.0.0.202105311346/tools/bin/../lib/gcc/arm-none-eabi/9.3.1/../../../../arm-none-eabi/lib/thumb/v7e-m/nofp\libc_nano.a(lib_a-errno.o)
 .ARM.attributes
                0x0000000000000000       0x2e e:/stm32cubeide_1.7.0/stm32cubeide/plugins/com.st.stm32cube.ide.mcu.externaltools.gnu-tools-for-stm32.9-2020-q2-update.win32_2.0.0.202105311346/tools/bin/../lib/gcc/arm-none-eabi/9.3.1/../../../../arm-none-eabi/lib/thumb/v7e-m/nofp\libc_nano.a(lib_a-errno.o)
 .text          0x0000000000000000        0x0 e:/stm32cubeide_1.7.0/stm32cubeide/plugins/com.st.stm32cube.ide.mcu.externaltools.gnu-tools-for-stm32.9-2020-q2-update.win32_2.0.0.202105311346/tools/bin/../lib/gcc/arm-none-eabi/9.3.1/../../../../arm-none-eabi/lib/thumb/v7e-m/nofp\libc_nano.a(lib_a-exit.o)
 .data          0x0000000000000000        0x0 e:/stm32cubeide_1.7.0/stm32cubeide/plugins/com.st.stm32cube.ide.mcu.externaltools.gnu-tools-for-stm32.9-2020-q2-update.win32_2.0.0.202105311346/tools/bin/../lib/gcc/arm-none-eabi/9.3.1/../../../../arm-none-eabi/lib/thumb/v7e-m/nofp\libc_nano.a(lib_a-exit.o)
 .bss           0x0000000000000000        0x0 e:/stm32cubeide_1.7.0/stm32cubeide/plugins/com.st.stm32cube.ide.mcu.externaltools.gnu-tools-for-stm32.9-2020-q2-update.win32_2.0.0.202105311346/tools/bin/../lib/gcc/arm-none-eabi/9.3.1/../../../../arm-none-eabi/lib/thumb/v7e-m/nofp\libc_nano.a(lib_a-exit.o)
 .text.exit     0x0000000000000000       0x28 e:/stm32cubeide_1.7.0/stm32cubeide/plugins/com.st.stm32cube.ide.mcu.externaltools.gnu-tools-for-stm32.9-2020-q2-update.win32_2.0.0.202105311346/tools/bin/../lib/gcc/arm-none-eabi/9.3.1/../../../../arm-none-eabi/lib/thumb/v7e-m/nofp\libc_nano.a(lib_a-exit.o)
 .debug_frame   0x0000000000000000       0x28 e:/stm32cubeide_1.7.0/stm32cubeide/plugins/com.st.stm32cube.ide.mcu.externaltools.gnu-tools-for-stm32.9-2020-q2-update.win32_2.0.0.202105311346/tools/bin/../lib/gcc/arm-none-eabi/9.3.1/../../../../arm-none-eabi/lib/thumb/v7e-m/nofp\libc_nano.a(lib_a-exit.o)
 .ARM.attributes
                0x0000000000000000       0x2e e:/stm32cubeide_1.7.0/stm32cubeide/plugins/com.st.stm32cube.ide.mcu.externaltools.gnu-tools-for-stm32.9-2020-q2-update.win32_2.0.0.202105311346/tools/bin/../lib/gcc/arm-none-eabi/9.3.1/../../../../arm-none-eabi/lib/thumb/v7e-m/nofp\libc_nano.a(lib_a-exit.o)
 .text          0x0000000000000000        0x0 e:/stm32cubeide_1.7.0/stm32cubeide/plugins/com.st.stm32cube.ide.mcu.externaltools.gnu-tools-for-stm32.9-2020-q2-update.win32_2.0.0.202105311346/tools/bin/../lib/gcc/arm-none-eabi/9.3.1/../../../../arm-none-eabi/lib/thumb/v7e-m/nofp\libc_nano.a(lib_a-impure.o)
 .data          0x0000000000000000        0x0 e:/stm32cubeide_1.7.0/stm32cubeide/plugins/com.st.stm32cube.ide.mcu.externaltools.gnu-tools-for-stm32.9-2020-q2-update.win32_2.0.0.202105311346/tools/bin/../lib/gcc/arm-none-eabi/9.3.1/../../../../arm-none-eabi/lib/thumb/v7e-m/nofp\libc_nano.a(lib_a-impure.o)
 .bss           0x0000000000000000        0x0 e:/stm32cubeide_1.7.0/stm32cubeide/plugins/com.st.stm32cube.ide.mcu.externaltools.gnu-tools-for-stm32.9-2020-q2-update.win32_2.0.0.202105311346/tools/bin/../lib/gcc/arm-none-eabi/9.3.1/../../../../arm-none-eabi/lib/thumb/v7e-m/nofp\libc_nano.a(lib_a-impure.o)
 .data._impure_ptr
                0x0000000000000000        0x4 e:/stm32cubeide_1.7.0/stm32cubeide/plugins/com.st.stm32cube.ide.mcu.externaltools.gnu-tools-for-stm32.9-2020-q2-update.win32_2.0.0.202105311346/tools/bin/../lib/gcc/arm-none-eabi/9.3.1/../../../../arm-none-eabi/lib/thumb/v7e-m/nofp\libc_nano.a(lib_a-impure.o)
 .data.impure_data
                0x0000000000000000       0x60 e:/stm32cubeide_1.7.0/stm32cubeide/plugins/com.st.stm32cube.ide.mcu.externaltools.gnu-tools-for-stm32.9-2020-q2-update.win32_2.0.0.202105311346/tools/bin/../lib/gcc/arm-none-eabi/9.3.1/../../../../arm-none-eabi/lib/thumb/v7e-m/nofp\libc_nano.a(lib_a-impure.o)
 .rodata._global_impure_ptr
                0x0000000000000000        0x4 e:/stm32cubeide_1.7.0/stm32cubeide/plugins/com.st.stm32cube.ide.mcu.externaltools.gnu-tools-for-stm32.9-2020-q2-update.win32_2.0.0.202105311346/tools/bin/../lib/gcc/arm-none-eabi/9.3.1/../../../../arm-none-eabi/lib/thumb/v7e-m/nofp\libc_nano.a(lib_a-impure.o)
 .ARM.attributes
                0x0000000000000000       0x2e e:/stm32cubeide_1.7.0/stm32cubeide/plugins/com.st.stm32cube.ide.mcu.externaltools.gnu-tools-for-stm32.9-2020-q2-update.win32_2.0.0.202105311346/tools/bin/../lib/gcc/arm-none-eabi/9.3.1/../../../../arm-none-eabi/lib/thumb/v7e-m/nofp\libc_nano.a(lib_a-impure.o)
 .text          0x0000000000000000        0x0 e:/stm32cubeide_1.7.0/stm32cubeide/plugins/com.st.stm32cube.ide.mcu.externaltools.gnu-tools-for-stm32.9-2020-q2-update.win32_2.0.0.202105311346/tools/bin/../lib/gcc/arm-none-eabi/9.3.1/../../../../arm-none-eabi/lib/thumb/v7e-m/nofp\libc_nano.a(lib_a-init.o)
 .data          0x0000000000000000        0x0 e:/stm32cubeide_1.7.0/stm32cubeide/plugins/com.st.stm32cube.ide.mcu.externaltools.gnu-tools-for-stm32.9-2020-q2-update.win32_2.0.0.202105311346/tools/bin/../lib/gcc/arm-none-eabi/9.3.1/../../../../arm-none-eabi/lib/thumb/v7e-m/nofp\libc_nano.a(lib_a-init.o)
 .bss           0x0000000000000000        0x0 e:/stm32cubeide_1.7.0/stm32cubeide/plugins/com.st.stm32cube.ide.mcu.externaltools.gnu-tools-for-stm32.9-2020-q2-update.win32_2.0.0.202105311346/tools/bin/../lib/gcc/arm-none-eabi/9.3.1/../../../../arm-none-eabi/lib/thumb/v7e-m/nofp\libc_nano.a(lib_a-init.o)
 .text          0x0000000000000000        0x0 e:/stm32cubeide_1.7.0/stm32cubeide/plugins/com.st.stm32cube.ide.mcu.externaltools.gnu-tools-for-stm32.9-2020-q2-update.win32_2.0.0.202105311346/tools/bin/../lib/gcc/arm-none-eabi/9.3.1/../../../../arm-none-eabi/lib/thumb/v7e-m/nofp\libc_nano.a(lib_a-memset.o)
 .data          0x0000000000000000        0x0 e:/stm32cubeide_1.7.0/stm32cubeide/plugins/com.st.stm32cube.ide.mcu.externaltools.gnu-tools-for-stm32.9-2020-q2-update.win32_2.0.0.202105311346/tools/bin/../lib/gcc/arm-none-eabi/9.3.1/../../../../arm-none-eabi/lib/thumb/v7e-m/nofp\libc_nano.a(lib_a-memset.o)
 .bss           0x0000000000000000        0x0 e:/stm32cubeide_1.7.0/stm32cubeide/plugins/com.st.stm32cube.ide.mcu.externaltools.gnu-tools-for-stm32.9-2020-q2-update.win32_2.0.0.202105311346/tools/bin/../lib/gcc/arm-none-eabi/9.3.1/../../../../arm-none-eabi/lib/thumb/v7e-m/nofp\libc_nano.a(lib_a-memset.o)
 .text.memset   0x0000000000000000       0x10 e:/stm32cubeide_1.7.0/stm32cubeide/plugins/com.st.stm32cube.ide.mcu.externaltools.gnu-tools-for-stm32.9-2020-q2-update.win32_2.0.0.202105311346/tools/bin/../lib/gcc/arm-none-eabi/9.3.1/../../../../arm-none-eabi/lib/thumb/v7e-m/nofp\libc_nano.a(lib_a-memset.o)
 .debug_frame   0x0000000000000000       0x20 e:/stm32cubeide_1.7.0/stm32cubeide/plugins/com.st.stm32cube.ide.mcu.externaltools.gnu-tools-for-stm32.9-2020-q2-update.win32_2.0.0.202105311346/tools/bin/../lib/gcc/arm-none-eabi/9.3.1/../../../../arm-none-eabi/lib/thumb/v7e-m/nofp\libc_nano.a(lib_a-memset.o)
 .ARM.attributes
                0x0000000000000000       0x2e e:/stm32cubeide_1.7.0/stm32cubeide/plugins/com.st.stm32cube.ide.mcu.externaltools.gnu-tools-for-stm32.9-2020-q2-update.win32_2.0.0.202105311346/tools/bin/../lib/gcc/arm-none-eabi/9.3.1/../../../../arm-none-eabi/lib/thumb/v7e-m/nofp\libc_nano.a(lib_a-memset.o)
 .data          0x0000000000000000        0x0 e:/stm32cubeide_1.7.0/stm32cubeide/plugins/com.st.stm32cube.ide.mcu.externaltools.gnu-tools-for-stm32.9-2020-q2-update.win32_2.0.0.202105311346/tools/bin/../lib/gcc/arm-none-eabi/9.3.1/thumb/v7e-m/nofp\libgcc.a(_arm_muldf3.o)
 .bss           0x0000000000000000        0x0 e:/stm32cubeide_1.7.0/stm32cubeide/plugins/com.st.stm32cube.ide.mcu.externaltools.gnu-tools-for-stm32.9-2020-q2-update.win32_2.0.0.202105311346/tools/bin/../lib/gcc/arm-none-eabi/9.3.1/thumb/v7e-m/nofp\libgcc.a(_arm_muldf3.o)
 .data          0x0000000000000000        0x0 e:/stm32cubeide_1.7.0/stm32cubeide/plugins/com.st.stm32cube.ide.mcu.externaltools.gnu-tools-for-stm32.9-2020-q2-update.win32_2.0.0.202105311346/tools/bin/../lib/gcc/arm-none-eabi/9.3.1/thumb/v7e-m/nofp\libgcc.a(_arm_addsubdf3.o)
 .bss           0x0000000000000000        0x0 e:/stm32cubeide_1.7.0/stm32cubeide/plugins/com.st.stm32cube.ide.mcu.externaltools.gnu-tools-for-stm32.9-2020-q2-update.win32_2.0.0.202105311346/tools/bin/../lib/gcc/arm-none-eabi/9.3.1/thumb/v7e-m/nofp\libgcc.a(_arm_addsubdf3.o)
 .data          0x0000000000000000        0x0 e:/stm32cubeide_1.7.0/stm32cubeide/plugins/com.st.stm32cube.ide.mcu.externaltools.gnu-tools-for-stm32.9-2020-q2-update.win32_2.0.0.202105311346/tools/bin/../lib/gcc/arm-none-eabi/9.3.1/thumb/v7e-m/nofp\libgcc.a(_arm_fixunsdfsi.o)
 .bss           0x0000000000000000        0x0 e:/stm32cubeide_1.7.0/stm32cubeide/plugins/com.st.stm32cube.ide.mcu.externaltools.gnu-tools-for-stm32.9-2020-q2-update.win32_2.0.0.202105311346/tools/bin/../lib/gcc/arm-none-eabi/9.3.1/thumb/v7e-m/nofp\libgcc.a(_arm_fixunsdfsi.o)
 .text          0x0000000000000000        0x0 e:/stm32cubeide_1.7.0/stm32cubeide/plugins/com.st.stm32cube.ide.mcu.externaltools.gnu-tools-for-stm32.9-2020-q2-update.win32_2.0.0.202105311346/tools/bin/../lib/gcc/arm-none-eabi/9.3.1/thumb/v7e-m/nofp/crtend.o
 .data          0x0000000000000000        0x0 e:/stm32cubeide_1.7.0/stm32cubeide/plugins/com.st.stm32cube.ide.mcu.externaltools.gnu-tools-for-stm32.9-2020-q2-update.win32_2.0.0.202105311346/tools/bin/../lib/gcc/arm-none-eabi/9.3.1/thumb/v7e-m/nofp/crtend.o
 .bss           0x0000000000000000        0x0 e:/stm32cubeide_1.7.0/stm32cubeide/plugins/com.st.stm32cube.ide.mcu.externaltools.gnu-tools-for-stm32.9-2020-q2-update.win32_2.0.0.202105311346/tools/bin/../lib/gcc/arm-none-eabi/9.3.1/thumb/v7e-m/nofp/crtend.o
 .eh_frame      0x0000000000000000        0x4 e:/stm32cubeide_1.7.0/stm32cubeide/plugins/com.st.stm32cube.ide.mcu.externaltools.gnu-tools-for-stm32.9-2020-q2-update.win32_2.0.0.202105311346/tools/bin/../lib/gcc/arm-none-eabi/9.3.1/thumb/v7e-m/nofp/crtend.o
 .ARM.attributes
                0x0000000000000000       0x2e e:/stm32cubeide_1.7.0/stm32cubeide/plugins/com.st.stm32cube.ide.mcu.externaltools.gnu-tools-for-stm32.9-2020-q2-update.win32_2.0.0.202105311346/tools/bin/../lib/gcc/arm-none-eabi/9.3.1/thumb/v7e-m/nofp/crtend.o
 .text          0x0000000000000000        0x0 e:/stm32cubeide_1.7.0/stm32cubeide/plugins/com.st.stm32cube.ide.mcu.externaltools.gnu-tools-for-stm32.9-2020-q2-update.win32_2.0.0.202105311346/tools/bin/../lib/gcc/arm-none-eabi/9.3.1/thumb/v7e-m/nofp/crtn.o
 .data          0x0000000000000000        0x0 e:/stm32cubeide_1.7.0/stm32cubeide/plugins/com.st.stm32cube.ide.mcu.externaltools.gnu-tools-for-stm32.9-2020-q2-update.win32_2.0.0.202105311346/tools/bin/../lib/gcc/arm-none-eabi/9.3.1/thumb/v7e-m/nofp/crtn.o
 .bss           0x0000000000000000        0x0 e:/stm32cubeide_1.7.0/stm32cubeide/plugins/com.st.stm32cube.ide.mcu.externaltools.gnu-tools-for-stm32.9-2020-q2-update.win32_2.0.0.202105311346/tools/bin/../lib/gcc/arm-none-eabi/9.3.1/thumb/v7e-m/nofp/crtn.o

Memory Configuration

Name             Origin             Length             Attributes
CCMRAM           0x0000000010000000 0x0000000000010000 xrw
RAM              0x0000000020000000 0x0000000000020000 xrw
FLASH            0x0000000008000000 0x0000000000100000 xr
*default*        0x0000000000000000 0xffffffffffffffff

Linker script and memory map

LOAD e:/stm32cubeide_1.7.0/stm32cubeide/plugins/com.st.stm32cube.ide.mcu.externaltools.gnu-tools-for-stm32.9-2020-q2-update.win32_2.0.0.202105311346/tools/bin/../lib/gcc/arm-none-eabi/9.3.1/thumb/v7e-m/nofp/crti.o
LOAD e:/stm32cubeide_1.7.0/stm32cubeide/plugins/com.st.stm32cube.ide.mcu.externaltools.gnu-tools-for-stm32.9-2020-q2-update.win32_2.0.0.202105311346/tools/bin/../lib/gcc/arm-none-eabi/9.3.1/thumb/v7e-m/nofp/crtbegin.o
LOAD e:/stm32cubeide_1.7.0/stm32cubeide/plugins/com.st.stm32cube.ide.mcu.externaltools.gnu-tools-for-stm32.9-2020-q2-update.win32_2.0.0.202105311346/tools/bin/../lib/gcc/arm-none-eabi/9.3.1/../../../../arm-none-eabi/lib/thumb/v7e-m/nofp/crt0.o
LOAD ./Src/DualTumbstick.o
LOAD ./Src/syscalls.o
LOAD ./Src/sysmem.o
LOAD ./Startup/startup_stm32f407vgtx.o
LOAD ./drivers/Src/stm32f407xx_ADC_driver.o
LOAD ./drivers/Src/stm32f407xx_I2C_driver.o
LOAD ./drivers/Src/stm32f407xx_gpio_driver.o
LOAD ./drivers/Src/stm32f407xx_spi_driver.o
LOAD ./drivers/Src/stm32f407xx_timer.o
START GROUP
LOAD e:/stm32cubeide_1.7.0/stm32cubeide/plugins/com.st.stm32cube.ide.mcu.externaltools.gnu-tools-for-stm32.9-2020-q2-update.win32_2.0.0.202105311346/tools/bin/../lib/gcc/arm-none-eabi/9.3.1/../../../../arm-none-eabi/lib/thumb/v7e-m/nofp\libc_nano.a
LOAD e:/stm32cubeide_1.7.0/stm32cubeide/plugins/com.st.stm32cube.ide.mcu.externaltools.gnu-tools-for-stm32.9-2020-q2-update.win32_2.0.0.202105311346/tools/bin/../lib/gcc/arm-none-eabi/9.3.1/../../../../arm-none-eabi/lib/thumb/v7e-m/nofp\libm.a
END GROUP
START GROUP
LOAD e:/stm32cubeide_1.7.0/stm32cubeide/plugins/com.st.stm32cube.ide.mcu.externaltools.gnu-tools-for-stm32.9-2020-q2-update.win32_2.0.0.202105311346/tools/bin/../lib/gcc/arm-none-eabi/9.3.1/thumb/v7e-m/nofp\libgcc.a
LOAD e:/stm32cubeide_1.7.0/stm32cubeide/plugins/com.st.stm32cube.ide.mcu.externaltools.gnu-tools-for-stm32.9-2020-q2-update.win32_2.0.0.202105311346/tools/bin/../lib/gcc/arm-none-eabi/9.3.1/../../../../arm-none-eabi/lib/thumb/v7e-m/nofp\libc_nano.a
END GROUP
START GROUP
LOAD e:/stm32cubeide_1.7.0/stm32cubeide/plugins/com.st.stm32cube.ide.mcu.externaltools.gnu-tools-for-stm32.9-2020-q2-update.win32_2.0.0.202105311346/tools/bin/../lib/gcc/arm-none-eabi/9.3.1/thumb/v7e-m/nofp\libgcc.a
LOAD e:/stm32cubeide_1.7.0/stm32cubeide/plugins/com.st.stm32cube.ide.mcu.externaltools.gnu-tools-for-stm32.9-2020-q2-update.win32_2.0.0.202105311346/tools/bin/../lib/gcc/arm-none-eabi/9.3.1/../../../../arm-none-eabi/lib/thumb/v7e-m/nofp\libc_nano.a
LOAD e:/stm32cubeide_1.7.0/stm32cubeide/plugins/com.st.stm32cube.ide.mcu.externaltools.gnu-tools-for-stm32.9-2020-q2-update.win32_2.0.0.202105311346/tools/bin/../lib/gcc/arm-none-eabi/9.3.1/../../../../arm-none-eabi/lib/thumb/v7e-m/nofp\libnosys.a
END GROUP
START GROUP
LOAD e:/stm32cubeide_1.7.0/stm32cubeide/plugins/com.st.stm32cube.ide.mcu.externaltools.gnu-tools-for-stm32.9-2020-q2-update.win32_2.0.0.202105311346/tools/bin/../lib/gcc/arm-none-eabi/9.3.1/thumb/v7e-m/nofp\libgcc.a
LOAD e:/stm32cubeide_1.7.0/stm32cubeide/plugins/com.st.stm32cube.ide.mcu.externaltools.gnu-tools-for-stm32.9-2020-q2-update.win32_2.0.0.202105311346/tools/bin/../lib/gcc/arm-none-eabi/9.3.1/../../../../arm-none-eabi/lib/thumb/v7e-m/nofp\libc_nano.a
LOAD e:/stm32cubeide_1.7.0/stm32cubeide/plugins/com.st.stm32cube.ide.mcu.externaltools.gnu-tools-for-stm32.9-2020-q2-update.win32_2.0.0.202105311346/tools/bin/../lib/gcc/arm-none-eabi/9.3.1/../../../../arm-none-eabi/lib/thumb/v7e-m/nofp\libnosys.a
END GROUP
LOAD e:/stm32cubeide_1.7.0/stm32cubeide/plugins/com.st.stm32cube.ide.mcu.externaltools.gnu-tools-for-stm32.9-2020-q2-update.win32_2.0.0.202105311346/tools/bin/../lib/gcc/arm-none-eabi/9.3.1/thumb/v7e-m/nofp/crtend.o
LOAD e:/stm32cubeide_1.7.0/stm32cubeide/plugins/com.st.stm32cube.ide.mcu.externaltools.gnu-tools-for-stm32.9-2020-q2-update.win32_2.0.0.202105311346/tools/bin/../lib/gcc/arm-none-eabi/9.3.1/thumb/v7e-m/nofp/crtn.o
                0x0000000020020000                _estack = (ORIGIN (RAM) + LENGTH (RAM))
                0x0000000000000200                _Min_Heap_Size = 0x200
                0x0000000000000400                _Min_Stack_Size = 0x400

.isr_vector     0x0000000008000000      0x1a8
                0x0000000008000000                . = ALIGN (0x4)
 *(.isr_vector)
 .isr_vector    0x0000000008000000      0x1a8 ./Startup/startup_stm32f407vgtx.o
                0x0000000008000000                g_pfnVectors
                0x00000000080001a8                . = ALIGN (0x4)

.text           0x00000000080001a8     0x17fc
                0x00000000080001a8                . = ALIGN (0x4)
 *(.text)
 .text          0x00000000080001a8       0x40 e:/stm32cubeide_1.7.0/stm32cubeide/plugins/com.st.stm32cube.ide.mcu.externaltools.gnu-tools-for-stm32.9-2020-q2-update.win32_2.0.0.202105311346/tools/bin/../lib/gcc/arm-none-eabi/9.3.1/thumb/v7e-m/nofp/crtbegin.o
 .text          0x00000000080001e8      0x254 e:/stm32cubeide_1.7.0/stm32cubeide/plugins/com.st.stm32cube.ide.mcu.externaltools.gnu-tools-for-stm32.9-2020-q2-update.win32_2.0.0.202105311346/tools/bin/../lib/gcc/arm-none-eabi/9.3.1/thumb/v7e-m/nofp\libgcc.a(_arm_muldf3.o)
                0x00000000080001e8                __muldf3
                0x00000000080001e8                __aeabi_dmul
 .text          0x000000000800043c      0x378 e:/stm32cubeide_1.7.0/stm32cubeide/plugins/com.st.stm32cube.ide.mcu.externaltools.gnu-tools-for-stm32.9-2020-q2-update.win32_2.0.0.202105311346/tools/bin/../lib/gcc/arm-none-eabi/9.3.1/thumb/v7e-m/nofp\libgcc.a(_arm_addsubdf3.o)
                0x000000000800043c                __aeabi_drsub
                0x0000000008000444                __aeabi_dsub
                0x0000000008000444                __subdf3
                0x0000000008000448                __aeabi_dadd
                0x0000000008000448                __adddf3
                0x00000000080006c0                __floatunsidf
                0x00000000080006c0                __aeabi_ui2d
                0x00000000080006e0                __floatsidf
                0x00000000080006e0                __aeabi_i2d
                0x0000000008000704                __aeabi_f2d
                0x0000000008000704                __extendsfdf2
                0x0000000008000748                __floatundidf
                0x0000000008000748                __aeabi_ul2d
                0x0000000008000758                __floatdidf
                0x0000000008000758                __aeabi_l2d
 .text          0x00000000080007b4       0x40 e:/stm32cubeide_1.7.0/stm32cubeide/plugins/com.st.stm32cube.ide.mcu.externaltools.gnu-tools-for-stm32.9-2020-q2-update.win32_2.0.0.202105311346/tools/bin/../lib/gcc/arm-none-eabi/9.3.1/thumb/v7e-m/nofp\libgcc.a(_arm_fixunsdfsi.o)
                0x00000000080007b4                __aeabi_d2uiz
                0x00000000080007b4                __fixunsdfsi
 *(.text*)
 .text.GPIO_PLCK_Control
                0x00000000080007f4      0x1d0 ./Src/DualTumbstick.o
                0x00000000080007f4                GPIO_PLCK_Control
 .text.GPIO_Init
                0x00000000080009c4      0x338 ./Src/DualTumbstick.o
                0x00000000080009c4                GPIO_Init
 .text.ServoHandle
                0x0000000008000cfc      0x204 ./Src/DualTumbstick.o
                0x0000000008000cfc                ServoHandle
 .text.GPIOInits
                0x0000000008000f00       0x5c ./Src/DualTumbstick.o
                0x0000000008000f00                GPIOInits
 .text.PWM_GPIOInits
                0x0000000008000f5c       0x5c ./Src/DualTumbstick.o
                0x0000000008000f5c                PWM_GPIOInits
 .text.PWMTIM   0x0000000008000fb8       0x64 ./Src/DualTumbstick.o
                0x0000000008000fb8                PWMTIM
 .text.main     0x000000000800101c       0x48 ./Src/DualTumbstick.o
                0x000000000800101c                main
 .text.Reset_Handler
                0x0000000008001064       0x50 ./Startup/startup_stm32f407vgtx.o
                0x0000000008001064                Reset_Handler
 .text.Default_Handler
                0x00000000080010b4        0x2 ./Startup/startup_stm32f407vgtx.o
                0x00000000080010b4                RTC_Alarm_IRQHandler
                0x00000000080010b4                HASH_RNG_IRQHandler
                0x00000000080010b4                EXTI2_IRQHandler
                0x00000000080010b4                TIM8_CC_IRQHandler
                0x00000000080010b4                DebugMon_Handler
                0x00000000080010b4                TIM1_CC_IRQHandler
                0x00000000080010b4                DMA2_Stream5_IRQHandler
                0x00000000080010b4                HardFault_Handler
                0x00000000080010b4                DMA1_Stream5_IRQHandler
                0x00000000080010b4                SysTick_Handler
                0x00000000080010b4                PVD_IRQHandler
                0x00000000080010b4                SDIO_IRQHandler
                0x00000000080010b4                TAMP_STAMP_IRQHandler
                0x00000000080010b4                PendSV_Handler
                0x00000000080010b4                NMI_Handler
                0x00000000080010b4                CAN2_RX1_IRQHandler
                0x00000000080010b4                EXTI3_IRQHandler
                0x00000000080010b4                TIM8_TRG_COM_TIM14_IRQHandler
                0x00000000080010b4                TIM1_UP_TIM10_IRQHandler
                0x00000000080010b4                TIM8_UP_TIM13_IRQHandler
                0x00000000080010b4                I2C3_ER_IRQHandler
                0x00000000080010b4                LCD_TFT_IRQHandler
                0x00000000080010b4                EXTI0_IRQHandler
                0x00000000080010b4                I2C2_EV_IRQHandler
                0x00000000080010b4                DMA1_Stream2_IRQHandler
                0x00000000080010b4                CAN1_RX0_IRQHandler
                0x00000000080010b4                FPU_IRQHandler
                0x00000000080010b4                OTG_HS_WKUP_IRQHandler
                0x00000000080010b4                UsageFault_Handler
                0x00000000080010b4                CAN2_SCE_IRQHandler
                0x00000000080010b4                DMA2_Stream2_IRQHandler
                0x00000000080010b4                SPI1_IRQHandler
                0x00000000080010b4                TIM6_DAC_IRQHandler
                0x00000000080010b4                TIM1_BRK_TIM9_IRQHandler
                0x00000000080010b4                DCMI_IRQHandler
                0x00000000080010b4                CAN2_RX0_IRQHandler
                0x00000000080010b4                DMA2_Stream3_IRQHandler
                0x00000000080010b4                USART6_IRQHandler
                0x00000000080010b4                USART3_IRQHandler
                0x00000000080010b4                CRYP_IRQHandler
                0x00000000080010b4                CAN1_RX1_IRQHandler
                0x00000000080010b4                UART5_IRQHandler
                0x00000000080010b4                DMA2_Stream0_IRQHandler
                0x00000000080010b4                TIM4_IRQHandler
                0x00000000080010b4                I2C1_EV_IRQHandler
                0x00000000080010b4                DMA1_Stream6_IRQHandler
                0x00000000080010b4                DMA1_Stream1_IRQHandler
                0x00000000080010b4                UART4_IRQHandler
                0x00000000080010b4                LCD_TFT_1_IRQHandler
                0x00000000080010b4                TIM3_IRQHandler
                0x00000000080010b4                RCC_IRQHandler
                0x00000000080010b4                TIM8_BRK_TIM12_IRQHandler
                0x00000000080010b4                Default_Handler
                0x00000000080010b4                EXTI15_10_IRQHandler
                0x00000000080010b4                ADC_IRQHandler
                0x00000000080010b4                DMA1_Stream7_IRQHandler
                0x00000000080010b4                TIM7_IRQHandler
                0x00000000080010b4                CAN2_TX_IRQHandler
                0x00000000080010b4                TIM5_IRQHandler
                0x00000000080010b4                DMA2_Stream7_IRQHandler
                0x00000000080010b4                I2C3_EV_IRQHandler
                0x00000000080010b4                EXTI9_5_IRQHandler
                0x00000000080010b4                RTC_WKUP_IRQHandler
                0x00000000080010b4                ETH_WKUP_IRQHandler
                0x00000000080010b4                SPI2_IRQHandler
                0x00000000080010b4                OTG_HS_EP1_IN_IRQHandler
                0x00000000080010b4                MemManage_Handler
                0x00000000080010b4                DMA1_Stream0_IRQHandler
                0x00000000080010b4                CAN1_TX_IRQHandler
                0x00000000080010b4                SVC_Handler
                0x00000000080010b4                EXTI4_IRQHandler
                0x00000000080010b4                FSMC_IRQHandler
                0x00000000080010b4                ETH_IRQHandler
                0x00000000080010b4                OTG_HS_EP1_OUT_IRQHandler
                0x00000000080010b4                WWDG_IRQHandler
                0x00000000080010b4                TIM2_IRQHandler
                0x00000000080010b4                OTG_FS_WKUP_IRQHandler
                0x00000000080010b4                TIM1_TRG_COM_TIM11_IRQHandler
                0x00000000080010b4                OTG_HS_IRQHandler
                0x00000000080010b4                EXTI1_IRQHandler
                0x00000000080010b4                USART2_IRQHandler
                0x00000000080010b4                I2C2_ER_IRQHandler
                0x00000000080010b4                DMA2_Stream1_IRQHandler
                0x00000000080010b4                CAN1_SCE_IRQHandler
                0x00000000080010b4                DMA2_Stream4_IRQHandler
                0x00000000080010b4                BusFault_Handler
                0x00000000080010b4                USART1_IRQHandler
                0x00000000080010b4                OTG_FS_IRQHandler
                0x00000000080010b4                SPI3_IRQHandler
                0x00000000080010b4                DMA1_Stream4_IRQHandler
                0x00000000080010b4                I2C1_ER_IRQHandler
                0x00000000080010b4                DMA2_Stream6_IRQHandler
                0x00000000080010b4                DMA1_Stream3_IRQHandler
 .text.delay2   0x00000000080010b6       0x28 ./drivers/Src/stm32f407xx_ADC_driver.o
                0x00000000080010b6                delay2
 .text.delay1   0x00000000080010de       0x28 ./drivers/Src/stm32f407xx_ADC_driver.o
                0x00000000080010de                delay1
 *fill*         0x0000000008001106        0x2 
 .text.ADC_Clk_EnorDi
                0x0000000008001108       0xb4 ./drivers/Src/stm32f407xx_ADC_driver.o
                0x0000000008001108                ADC_Clk_EnorDi
 .text.ADC_Init_LR
                0x00000000080011bc       0xd8 ./drivers/Src/stm32f407xx_ADC_driver.o
                0x00000000080011bc                ADC_Init_LR
 .text.ADC_Init_UD
                0x0000000008001294       0xd8 ./drivers/Src/stm32f407xx_ADC_driver.o
                0x0000000008001294                ADC_Init_UD
 .text.ADC_Wrist
                0x000000000800136c       0xd8 ./drivers/Src/stm32f407xx_ADC_driver.o
                0x000000000800136c                ADC_Wrist
 .text.ADC_Hand
                0x0000000008001444       0xd8 ./drivers/Src/stm32f407xx_ADC_driver.o
                0x0000000008001444                ADC_Hand
 .text.EdgeCondition
                0x000000000800151c       0x52 ./drivers/Src/stm32f407xx_ADC_driver.o
                0x000000000800151c                EdgeCondition
 *fill*         0x000000000800156e        0x2 
 .text.TIM2_5_CLKEnable
                0x0000000008001570       0xe8 ./drivers/Src/stm32f407xx_timer.o
                0x0000000008001570                TIM2_5_CLKEnable
 .text.PWM2_5_Init
                0x0000000008001658      0x260 ./drivers/Src/stm32f407xx_timer.o
                0x0000000008001658                PWM2_5_Init
 .text.ServoAngle
                0x00000000080018b8       0x8c ./drivers/Src/stm32f407xx_timer.o
                0x00000000080018b8                ServoAngle
 .text.__libc_init_array
                0x0000000008001944       0x48 e:/stm32cubeide_1.7.0/stm32cubeide/plugins/com.st.stm32cube.ide.mcu.externaltools.gnu-tools-for-stm32.9-2020-q2-update.win32_2.0.0.202105311346/tools/bin/../lib/gcc/arm-none-eabi/9.3.1/../../../../arm-none-eabi/lib/thumb/v7e-m/nofp\libc_nano.a(lib_a-init.o)
                0x0000000008001944                __libc_init_array
 *(.glue_7)
 .glue_7        0x000000000800198c        0x0 linker stubs
 *(.glue_7t)
 .glue_7t       0x000000000800198c        0x0 linker stubs
 *(.eh_frame)
 .eh_frame      0x000000000800198c        0x0 e:/stm32cubeide_1.7.0/stm32cubeide/plugins/com.st.stm32cube.ide.mcu.externaltools.gnu-tools-for-stm32.9-2020-q2-update.win32_2.0.0.202105311346/tools/bin/../lib/gcc/arm-none-eabi/9.3.1/thumb/v7e-m/nofp/crtbegin.o
 *(.init)
 .init          0x000000000800198c        0x4 e:/stm32cubeide_1.7.0/stm32cubeide/plugins/com.st.stm32cube.ide.mcu.externaltools.gnu-tools-for-stm32.9-2020-q2-update.win32_2.0.0.202105311346/tools/bin/../lib/gcc/arm-none-eabi/9.3.1/thumb/v7e-m/nofp/crti.o
                0x000000000800198c                _init
 .init          0x0000000008001990        0x8 e:/stm32cubeide_1.7.0/stm32cubeide/plugins/com.st.stm32cube.ide.mcu.externaltools.gnu-tools-for-stm32.9-2020-q2-update.win32_2.0.0.202105311346/tools/bin/../lib/gcc/arm-none-eabi/9.3.1/thumb/v7e-m/nofp/crtn.o
 *(.fini)
 .fini          0x0000000008001998        0x4 e:/stm32cubeide_1.7.0/stm32cubeide/plugins/com.st.stm32cube.ide.mcu.externaltools.gnu-tools-for-stm32.9-2020-q2-update.win32_2.0.0.202105311346/tools/bin/../lib/gcc/arm-none-eabi/9.3.1/thumb/v7e-m/nofp/crti.o
                0x0000000008001998                _fini
 .fini          0x000000000800199c        0x8 e:/stm32cubeide_1.7.0/stm32cubeide/plugins/com.st.stm32cube.ide.mcu.externaltools.gnu-tools-for-stm32.9-2020-q2-update.win32_2.0.0.202105311346/tools/bin/../lib/gcc/arm-none-eabi/9.3.1/thumb/v7e-m/nofp/crtn.o
                0x00000000080019a4                . = ALIGN (0x4)
                0x00000000080019a4                _etext = .

.vfp11_veneer   0x00000000080019a4        0x0
 .vfp11_veneer  0x00000000080019a4        0x0 linker stubs

.v4_bx          0x00000000080019a4        0x0
 .v4_bx         0x00000000080019a4        0x0 linker stubs

.iplt           0x00000000080019a4        0x0
 .iplt          0x00000000080019a4        0x0 e:/stm32cubeide_1.7.0/stm32cubeide/plugins/com.st.stm32cube.ide.mcu.externaltools.gnu-tools-for-stm32.9-2020-q2-update.win32_2.0.0.202105311346/tools/bin/../lib/gcc/arm-none-eabi/9.3.1/thumb/v7e-m/nofp/crtbegin.o

.rel.dyn        0x00000000080019a4        0x0
 .rel.iplt      0x00000000080019a4        0x0 e:/stm32cubeide_1.7.0/stm32cubeide/plugins/com.st.stm32cube.ide.mcu.externaltools.gnu-tools-for-stm32.9-2020-q2-update.win32_2.0.0.202105311346/tools/bin/../lib/gcc/arm-none-eabi/9.3.1/thumb/v7e-m/nofp/crtbegin.o

.rodata         0x00000000080019a4        0x0
                0x00000000080019a4                . = ALIGN (0x4)
 *(.rodata)
 *(.rodata*)
                0x00000000080019a4                . = ALIGN (0x4)

.ARM.extab      0x00000000080019a4        0x0
                0x00000000080019a4                . = ALIGN (0x4)
 *(.ARM.extab* .gnu.linkonce.armextab.*)
                0x00000000080019a4                . = ALIGN (0x4)

.ARM            0x00000000080019a4        0x0
                0x00000000080019a4                . = ALIGN (0x4)
                0x00000000080019a4                __exidx_start = .
 *(.ARM.exidx*)
                0x00000000080019a4                __exidx_end = .
                0x00000000080019a4                . = ALIGN (0x4)

.preinit_array  0x00000000080019a4        0x0
                0x00000000080019a4                . = ALIGN (0x4)
                0x00000000080019a4                PROVIDE (__preinit_array_start = .)
 *(.preinit_array*)
                0x00000000080019a4                PROVIDE (__preinit_array_end = .)
                0x00000000080019a4                . = ALIGN (0x4)

.init_array     0x00000000080019a4        0x4
                0x00000000080019a4                . = ALIGN (0x4)
                0x00000000080019a4                PROVIDE (__init_array_start = .)
 *(SORT_BY_NAME(.init_array.*))
 *(.init_array*)
 .init_array    0x00000000080019a4        0x4 e:/stm32cubeide_1.7.0/stm32cubeide/plugins/com.st.stm32cube.ide.mcu.externaltools.gnu-tools-for-stm32.9-2020-q2-update.win32_2.0.0.202105311346/tools/bin/../lib/gcc/arm-none-eabi/9.3.1/thumb/v7e-m/nofp/crtbegin.o
                0x00000000080019a8                PROVIDE (__init_array_end = .)
                0x00000000080019a8                . = ALIGN (0x4)

.fini_array     0x00000000080019a8        0x4
                0x00000000080019a8                . = ALIGN (0x4)
                [!provide]                        PROVIDE (__fini_array_start = .)
 *(SORT_BY_NAME(.fini_array.*))
 *(.fini_array*)
 .fini_array    0x00000000080019a8        0x4 e:/stm32cubeide_1.7.0/stm32cubeide/plugins/com.st.stm32cube.ide.mcu.externaltools.gnu-tools-for-stm32.9-2020-q2-update.win32_2.0.0.202105311346/tools/bin/../lib/gcc/arm-none-eabi/9.3.1/thumb/v7e-m/nofp/crtbegin.o
                [!provide]                        PROVIDE (__fini_array_end = .)
                0x00000000080019ac                . = ALIGN (0x4)
                0x00000000080019ac                _sidata = LOADADDR (.data)

.data           0x0000000020000000       0x10 load address 0x00000000080019ac
                0x0000000020000000                . = ALIGN (0x4)
                0x0000000020000000                _sdata = .
 *(.data)
 *(.data*)
 .data.x        0x0000000020000000        0x4 ./Src/DualTumbstick.o
                0x0000000020000000                x
 .data.y        0x0000000020000004        0x4 ./Src/DualTumbstick.o
                0x0000000020000004                y
 .data.j        0x0000000020000008        0x4 ./Src/DualTumbstick.o
                0x0000000020000008                j
 .data.s        0x000000002000000c        0x4 ./Src/DualTumbstick.o
                0x000000002000000c                s
 *(.RamFunc)
 *(.RamFunc*)
                0x0000000020000010                . = ALIGN (0x4)
                0x0000000020000010                _edata = .
                0x00000000080019bc                _siccmram = LOADADDR (.ccmram)

.igot.plt       0x0000000020000010        0x0 load address 0x00000000080019bc
 .igot.plt      0x0000000020000010        0x0 e:/stm32cubeide_1.7.0/stm32cubeide/plugins/com.st.stm32cube.ide.mcu.externaltools.gnu-tools-for-stm32.9-2020-q2-update.win32_2.0.0.202105311346/tools/bin/../lib/gcc/arm-none-eabi/9.3.1/thumb/v7e-m/nofp/crtbegin.o

.ccmram         0x0000000010000000        0x0 load address 0x00000000080019bc
                0x0000000010000000                . = ALIGN (0x4)
                0x0000000010000000                _sccmram = .
 *(.ccmram)
 *(.ccmram*)
                0x0000000010000000                . = ALIGN (0x4)
                0x0000000010000000                _eccmram = .
                0x0000000010000000                . = ALIGN (0x4)

.bss            0x0000000020000010       0x24
                0x0000000020000010                _sbss = .
                0x0000000020000010                __bss_start__ = _sbss
 *(.bss)
 .bss           0x0000000020000010       0x1c e:/stm32cubeide_1.7.0/stm32cubeide/plugins/com.st.stm32cube.ide.mcu.externaltools.gnu-tools-for-stm32.9-2020-q2-update.win32_2.0.0.202105311346/tools/bin/../lib/gcc/arm-none-eabi/9.3.1/thumb/v7e-m/nofp/crtbegin.o
 *(.bss*)
 *(COMMON)
 COMMON         0x000000002000002c        0x8 ./Src/DualTumbstick.o
                0x000000002000002c                UD_Inc_Flg
                0x000000002000002d                Hand_Inc_Flg
                0x000000002000002e                Wrist_Inc_Flg
                0x000000002000002f                Hand_Dec_Flg
                0x0000000020000030                LR_Dec_Flg
                0x0000000020000031                Wrist_Dec_Flg
                0x0000000020000032                LR_Inc_Flg
                0x0000000020000033                UD_Dec_Flg
                0x0000000020000034                . = ALIGN (0x4)
                0x0000000020000034                _ebss = .
                0x0000000020000034                __bss_end__ = _ebss

._user_heap_stack
                0x0000000020000034      0x604
                0x0000000020000038                . = ALIGN (0x8)
 *fill*         0x0000000020000034        0x4 
                [!provide]                        PROVIDE (end = .)
                0x0000000020000038                PROVIDE (_end = .)
                0x0000000020000238                . = (. + _Min_Heap_Size)
 *fill*         0x0000000020000038      0x200 
                0x0000000020000638                . = (. + _Min_Stack_Size)
 *fill*         0x0000000020000238      0x400 
                0x0000000020000638                . = ALIGN (0x8)

/DISCARD/
 libc.a(*)
 libm.a(*)
 libgcc.a(*)

.ARM.attributes
                0x0000000000000000       0x2a
 *(.ARM.attributes)
 .ARM.attributes
                0x0000000000000000       0x1e e:/stm32cubeide_1.7.0/stm32cubeide/plugins/com.st.stm32cube.ide.mcu.externaltools.gnu-tools-for-stm32.9-2020-q2-update.win32_2.0.0.202105311346/tools/bin/../lib/gcc/arm-none-eabi/9.3.1/thumb/v7e-m/nofp/crti.o
 .ARM.attributes
                0x000000000000001e       0x2e e:/stm32cubeide_1.7.0/stm32cubeide/plugins/com.st.stm32cube.ide.mcu.externaltools.gnu-tools-for-stm32.9-2020-q2-update.win32_2.0.0.202105311346/tools/bin/../lib/gcc/arm-none-eabi/9.3.1/thumb/v7e-m/nofp/crtbegin.o
 .ARM.attributes
                0x000000000000004c       0x2e ./Src/DualTumbstick.o
 .ARM.attributes
                0x000000000000007a       0x21 ./Startup/startup_stm32f407vgtx.o
 .ARM.attributes
                0x000000000000009b       0x2e ./drivers/Src/stm32f407xx_ADC_driver.o
 .ARM.attributes
                0x00000000000000c9       0x2e ./drivers/Src/stm32f407xx_timer.o
 .ARM.attributes
                0x00000000000000f7       0x2e e:/stm32cubeide_1.7.0/stm32cubeide/plugins/com.st.stm32cube.ide.mcu.externaltools.gnu-tools-for-stm32.9-2020-q2-update.win32_2.0.0.202105311346/tools/bin/../lib/gcc/arm-none-eabi/9.3.1/../../../../arm-none-eabi/lib/thumb/v7e-m/nofp\libc_nano.a(lib_a-init.o)
 .ARM.attributes
                0x0000000000000125       0x1e e:/stm32cubeide_1.7.0/stm32cubeide/plugins/com.st.stm32cube.ide.mcu.externaltools.gnu-tools-for-stm32.9-2020-q2-update.win32_2.0.0.202105311346/tools/bin/../lib/gcc/arm-none-eabi/9.3.1/thumb/v7e-m/nofp\libgcc.a(_arm_muldf3.o)
 .ARM.attributes
                0x0000000000000143       0x1e e:/stm32cubeide_1.7.0/stm32cubeide/plugins/com.st.stm32cube.ide.mcu.externaltools.gnu-tools-for-stm32.9-2020-q2-update.win32_2.0.0.202105311346/tools/bin/../lib/gcc/arm-none-eabi/9.3.1/thumb/v7e-m/nofp\libgcc.a(_arm_addsubdf3.o)
 .ARM.attributes
                0x0000000000000161       0x1e e:/stm32cubeide_1.7.0/stm32cubeide/plugins/com.st.stm32cube.ide.mcu.externaltools.gnu-tools-for-stm32.9-2020-q2-update.win32_2.0.0.202105311346/tools/bin/../lib/gcc/arm-none-eabi/9.3.1/thumb/v7e-m/nofp\libgcc.a(_arm_fixunsdfsi.o)
 .ARM.attributes
                0x000000000000017f       0x1e e:/stm32cubeide_1.7.0/stm32cubeide/plugins/com.st.stm32cube.ide.mcu.externaltools.gnu-tools-for-stm32.9-2020-q2-update.win32_2.0.0.202105311346/tools/bin/../lib/gcc/arm-none-eabi/9.3.1/thumb/v7e-m/nofp/crtn.o
OUTPUT(stm32f407_drivers.elf elf32-littlearm)
LOAD linker stubs
LOAD e:/stm32cubeide_1.7.0/stm32cubeide/plugins/com.st.stm32cube.ide.mcu.externaltools.gnu-tools-for-stm32.9-2020-q2-update.win32_2.0.0.202105311346/tools/bin/../lib/gcc/arm-none-eabi/9.3.1/../../../../arm-none-eabi/lib/thumb/v7e-m/nofp\libc.a
LOAD e:/stm32cubeide_1.7.0/stm32cubeide/plugins/com.st.stm32cube.ide.mcu.externaltools.gnu-tools-for-stm32.9-2020-q2-update.win32_2.0.0.202105311346/tools/bin/../lib/gcc/arm-none-eabi/9.3.1/../../../../arm-none-eabi/lib/thumb/v7e-m/nofp\libm.a
LOAD e:/stm32cubeide_1.7.0/stm32cubeide/plugins/com.st.stm32cube.ide.mcu.externaltools.gnu-tools-for-stm32.9-2020-q2-update.win32_2.0.0.202105311346/tools/bin/../lib/gcc/arm-none-eabi/9.3.1/thumb/v7e-m/nofp\libgcc.a

.debug_info     0x0000000000000000     0x21e5
 .debug_info    0x0000000000000000     0x155a ./Src/DualTumbstick.o
 .debug_info    0x000000000000155a       0x22 ./Startup/startup_stm32f407vgtx.o
 .debug_info    0x000000000000157c      0x5f0 ./drivers/Src/stm32f407xx_ADC_driver.o
 .debug_info    0x0000000000001b6c      0x679 ./drivers/Src/stm32f407xx_timer.o

.debug_abbrev   0x0000000000000000      0x596
 .debug_abbrev  0x0000000000000000      0x2ce ./Src/DualTumbstick.o
 .debug_abbrev  0x00000000000002ce       0x12 ./Startup/startup_stm32f407vgtx.o
 .debug_abbrev  0x00000000000002e0      0x18d ./drivers/Src/stm32f407xx_ADC_driver.o
 .debug_abbrev  0x000000000000046d      0x129 ./drivers/Src/stm32f407xx_timer.o

.debug_aranges  0x0000000000000000      0x160
 .debug_aranges
                0x0000000000000000       0xa0 ./Src/DualTumbstick.o
 .debug_aranges
                0x00000000000000a0       0x28 ./Startup/startup_stm32f407vgtx.o
 .debug_aranges
                0x00000000000000c8       0x60 ./drivers/Src/stm32f407xx_ADC_driver.o
 .debug_aranges
                0x0000000000000128       0x38 ./drivers/Src/stm32f407xx_timer.o

.debug_ranges   0x0000000000000000      0x128
 .debug_ranges  0x0000000000000000       0x90 ./Src/DualTumbstick.o
 .debug_ranges  0x0000000000000090       0x20 ./Startup/startup_stm32f407vgtx.o
 .debug_ranges  0x00000000000000b0       0x50 ./drivers/Src/stm32f407xx_ADC_driver.o
 .debug_ranges  0x0000000000000100       0x28 ./drivers/Src/stm32f407xx_timer.o

.debug_macro    0x0000000000000000     0x26b0
 .debug_macro   0x0000000000000000      0x22f ./Src/DualTumbstick.o
 .debug_macro   0x000000000000022f      0xaa8 ./Src/DualTumbstick.o
 .debug_macro   0x0000000000000cd7       0x22 ./Src/DualTumbstick.o
 .debug_macro   0x0000000000000cf9       0x8e ./Src/DualTumbstick.o
 .debug_macro   0x0000000000000d87       0x51 ./Src/DualTumbstick.o
 .debug_macro   0x0000000000000dd8      0x103 ./Src/DualTumbstick.o
 .debug_macro   0x0000000000000edb       0x6a ./Src/DualTumbstick.o
 .debug_macro   0x0000000000000f45      0x1df ./Src/DualTumbstick.o
 .debug_macro   0x0000000000001124      0x174 ./Src/DualTumbstick.o
 .debug_macro   0x0000000000001298      0x5ff ./Src/DualTumbstick.o
 .debug_macro   0x0000000000001897       0xac ./Src/DualTumbstick.o
 .debug_macro   0x0000000000001943       0x64 ./Src/DualTumbstick.o
 .debug_macro   0x00000000000019a7       0x6a ./Src/DualTumbstick.o
 .debug_macro   0x0000000000001a11       0x52 ./Src/DualTumbstick.o
 .debug_macro   0x0000000000001a63       0x18 ./Src/DualTumbstick.o
 .debug_macro   0x0000000000001a7b       0x3c ./Src/DualTumbstick.o
 .debug_macro   0x0000000000001ab7       0x34 ./Src/DualTumbstick.o
 .debug_macro   0x0000000000001aeb       0x16 ./Src/DualTumbstick.o
 .debug_macro   0x0000000000001b01       0x35 ./Src/DualTumbstick.o
 .debug_macro   0x0000000000001b36      0x339 ./Src/DualTumbstick.o
 .debug_macro   0x0000000000001e6f       0x10 ./Src/DualTumbstick.o
 .debug_macro   0x0000000000001e7f       0x16 ./Src/DualTumbstick.o
 .debug_macro   0x0000000000001e95       0x43 ./Src/DualTumbstick.o
 .debug_macro   0x0000000000001ed8       0x34 ./Src/DualTumbstick.o
 .debug_macro   0x0000000000001f0c       0x10 ./Src/DualTumbstick.o
 .debug_macro   0x0000000000001f1c       0x58 ./Src/DualTumbstick.o
 .debug_macro   0x0000000000001f74       0x71 ./Src/DualTumbstick.o
 .debug_macro   0x0000000000001fe5       0x1c ./Src/DualTumbstick.o
 .debug_macro   0x0000000000002001      0x12a ./Src/DualTumbstick.o
 .debug_macro   0x000000000000212b       0x10 ./Src/DualTumbstick.o
 .debug_macro   0x000000000000213b       0x1c ./Src/DualTumbstick.o
 .debug_macro   0x0000000000002157       0x52 ./Src/DualTumbstick.o
 .debug_macro   0x00000000000021a9       0x22 ./Src/DualTumbstick.o
 .debug_macro   0x00000000000021cb       0x10 ./Src/DualTumbstick.o
 .debug_macro   0x00000000000021db       0x40 ./Src/DualTumbstick.o
 .debug_macro   0x000000000000221b       0xd5 ./Src/DualTumbstick.o
 .debug_macro   0x00000000000022f0       0x1c ./Src/DualTumbstick.o
 .debug_macro   0x000000000000230c       0x3d ./Src/DualTumbstick.o
 .debug_macro   0x0000000000002349       0x16 ./Src/DualTumbstick.o
 .debug_macro   0x000000000000235f      0x145 ./Src/DualTumbstick.o
 .debug_macro   0x00000000000024a4       0x16 ./Src/DualTumbstick.o
 .debug_macro   0x00000000000024ba       0x20 ./Src/DualTumbstick.o
 .debug_macro   0x00000000000024da       0x8a ./drivers/Src/stm32f407xx_ADC_driver.o
 .debug_macro   0x0000000000002564       0x64 ./drivers/Src/stm32f407xx_ADC_driver.o
 .debug_macro   0x00000000000025c8       0x8a ./drivers/Src/stm32f407xx_timer.o
 .debug_macro   0x0000000000002652       0x5e ./drivers/Src/stm32f407xx_timer.o

.debug_line     0x0000000000000000     0x1c46
 .debug_line    0x0000000000000000      0xdbe ./Src/DualTumbstick.o
 .debug_line    0x0000000000000dbe       0x84 ./Startup/startup_stm32f407vgtx.o
 .debug_line    0x0000000000000e42      0x6f1 ./drivers/Src/stm32f407xx_ADC_driver.o
 .debug_line    0x0000000000001533      0x713 ./drivers/Src/stm32f407xx_timer.o

.debug_str      0x0000000000000000     0xab78
 .debug_str     0x0000000000000000     0xaa13 ./Src/DualTumbstick.o
                                       0xaca4 (size before relaxing)
 .debug_str     0x000000000000aa13       0x31 ./Startup/startup_stm32f407vgtx.o
                                         0x88 (size before relaxing)
 .debug_str     0x000000000000aa44       0xa3 ./drivers/Src/stm32f407xx_ADC_driver.o
                                       0x6683 (size before relaxing)
 .debug_str     0x000000000000aae7       0x91 ./drivers/Src/stm32f407xx_timer.o
                                       0x66bb (size before relaxing)

.comment        0x0000000000000000       0x53
 .comment       0x0000000000000000       0x53 ./Src/DualTumbstick.o
                                         0x54 (size before relaxing)
 .comment       0x0000000000000053       0x54 ./drivers/Src/stm32f407xx_ADC_driver.o
 .comment       0x0000000000000053       0x54 ./drivers/Src/stm32f407xx_timer.o

.debug_frame    0x0000000000000000      0x5d0
 .debug_frame   0x0000000000000000      0x294 ./Src/DualTumbstick.o
 .debug_frame   0x0000000000000294      0x164 ./drivers/Src/stm32f407xx_ADC_driver.o
 .debug_frame   0x00000000000003f8       0xac ./drivers/Src/stm32f407xx_timer.o
 .debug_frame   0x00000000000004a4       0x2c e:/stm32cubeide_1.7.0/stm32cubeide/plugins/com.st.stm32cube.ide.mcu.externaltools.gnu-tools-for-stm32.9-2020-q2-update.win32_2.0.0.202105311346/tools/bin/../lib/gcc/arm-none-eabi/9.3.1/../../../../arm-none-eabi/lib/thumb/v7e-m/nofp\libc_nano.a(lib_a-init.o)
 .debug_frame   0x00000000000004d0       0x30 e:/stm32cubeide_1.7.0/stm32cubeide/plugins/com.st.stm32cube.ide.mcu.externaltools.gnu-tools-for-stm32.9-2020-q2-update.win32_2.0.0.202105311346/tools/bin/../lib/gcc/arm-none-eabi/9.3.1/thumb/v7e-m/nofp\libgcc.a(_arm_muldf3.o)
 .debug_frame   0x0000000000000500       0xac e:/stm32cubeide_1.7.0/stm32cubeide/plugins/com.st.stm32cube.ide.mcu.externaltools.gnu-tools-for-stm32.9-2020-q2-update.win32_2.0.0.202105311346/tools/bin/../lib/gcc/arm-none-eabi/9.3.1/thumb/v7e-m/nofp\libgcc.a(_arm_addsubdf3.o)
 .debug_frame   0x00000000000005ac       0x24 e:/stm32cubeide_1.7.0/stm32cubeide/plugins/com.st.stm32cube.ide.mcu.externaltools.gnu-tools-for-stm32.9-2020-q2-update.win32_2.0.0.202105311346/tools/bin/../lib/gcc/arm-none-eabi/9.3.1/thumb/v7e-m/nofp\libgcc.a(_arm_fixunsdfsi.o)
